<html>
<body>
<pre>
<h1>µVision Build Log</h1>
<h2>Project:</h2>
E:\work\FreeRTOS\Release\FreeRTOS_Keil_IAR\FreeRTOS\Demo\CORTEX_NUC1xx_Keil_IAR\RTOSDemo.uvproj
Project File Date:  07/06/2010

<h2>Output:</h2>
Build target 'NUC1xx'
assembling startup_NUC1xx.s...
compiling core_cm0.c...
compiling system_NUC1xx.c...
compiling main.c...
compiling Thread_Test.c...
compiling tasks.c...
compiling list.c...
compiling queue.c...
compiling heap_2.c...
compiling port.c...
compiling retarget.c...
linking...
Program Size: Code=3444 RO-data=224 RW-data=88 ZI-data=14560  
FromELF: creating hex file...
User command #1: fromelf --bin ".\obj\RTOSDemo.axf" --output ".\obj\RTOSDemo.bin"
User command #2: fromelf --text -c ".\obj\RTOSDemo.axf" --output ".\obj\RTOSDemo.txt"
".\obj\RTOSDemo.axf" - 0 Error(s), 0 Warning(s).
Build target 'NUC1xx'
linking...
Program Size: Code=3444 RO-data=224 RW-data=88 ZI-data=14560  
FromELF: creating hex file...
User command #1: fromelf --bin ".\obj\RTOSDemo.axf" --output ".\obj\RTOSDemo.bin"
User command #2: fromelf --text -c ".\obj\RTOSDemo.axf" --output ".\obj\RTOSDemo.txt"
".\obj\RTOSDemo.axf" - 0 Error(s), 0 Warning(s).
Load "E:\\work\\FreeRTOS\\Release\\FreeRTOS_Keil_IAR\\FreeRTOS\\Demo\\CORTEX_NUC1xx_Keil_IAR\\obj\\RTOSDemo.AXF" 
Build target 'NUC1xx'
linking...
Program Size: Code=3444 RO-data=224 RW-data=88 ZI-data=14560  
FromELF: creating hex file...
User command #1: fromelf --bin ".\obj\RTOSDemo.axf" --output ".\obj\RTOSDemo.bin"
User command #2: fromelf --text -c ".\obj\RTOSDemo.axf" --output ".\obj\RTOSDemo.txt"
".\obj\RTOSDemo.axf" - 0 Error(s), 0 Warning(s).
Build target 'NUC1xx'
linking...
Program Size: Code=3444 RO-data=224 RW-data=88 ZI-data=14560  
FromELF: creating hex file...
User command #1: fromelf --bin ".\obj\RTOSDemo.axf" --output ".\obj\RTOSDemo.bin"
User command #2: fromelf --text -c ".\obj\RTOSDemo.axf" --output ".\obj\RTOSDemo.txt"
".\obj\RTOSDemo.axf" - 0 Error(s), 0 Warning(s).
Clean started: Project: 'RTOSDemo'
   deleting intermediate output files for target 'NUC1xx'
