<html>
<body>
<pre>
<h1>µVision Build Log</h1>
<h2>Project:</h2>
C:\Users\Student_05\Desktop\RS-p21\git\arm\rgr_tst\lab6.uvproj
Project File Date:  05/24/2023

<h2>Output:</h2>
Build target 'Target 1'
compiling main.c...
main.c(138): warning:  #550-D: variable "tmp" was set but never used
                unsigned char tmp[5];
main.c(305): warning:  #177-D: variable "i" was declared but never referenced
        unsigned int i = 0;
main.c: 2 warnings, 0 errors
linking...
Program Size: Code=2276 RO-data=208 RW-data=0 ZI-data=1120  
".\lab6.axf" - 0 Error(s), 2 Warning(s).
Load "C:\\Users\\Student_05\\Desktop\\RS-p21\\git\\arm\\rgr_tst\\lab6.axf" 
</pre>
</body>
</html>
\arm\\rgr_tst\\lab6.axf" 
