<html>
<body>
<pre>
<h1>µVision Build Log</h1>
<h2>Project:</h2>
C:\Users\Student_05\Desktop\RS-p21\git\arm\rgr\lab6.uvproj
Project File Date:  05/24/2023

<h2>Output:</h2>
Build target 'Target 1'
compiling main.c...
main.c(69): warning:  #223-D: function "pow" declared implicitly
                 num = (tmp % 10) * pow(10, n);
main.c(137): warning:  #550-D: variable "tmp" was set but never used
                unsigned char tmp[5];
main.c(303): warning:  #177-D: variable "i" was declared but never referenced
        unsigned int i = 0;
main.c: 3 warnings, 0 errors
linking...
Program Size: Code=8624 RO-data=480 RW-data=0 ZI-data=1120  
".\lab6.axf" - 0 Error(s), 3 Warning(s).
Load "C:\\Users\\Student_05\\Desktop\\RS-p21\\git\\arm\\rgr\\lab6.axf" 
</pre>
</body>
</html>
