Product: MDK-ARM Lite 5.10
Component: ARM Compiler 5.04 update 1 (build 49)
Tool: armlink [5040049]

==============================================================================

Section Cross References

    startup_nuc1xx.o(RESET) refers to startup_nuc1xx.o(STACK) for __initial_sp
    startup_nuc1xx.o(RESET) refers to startup_nuc1xx.o(.text) for Reset_Handler
    startup_nuc1xx.o(.text) refers to systeminit.o(.text) for SystemInit
    startup_nuc1xx.o(.text) refers to main.o(.text) for __main
    startup_nuc1xx.o(.text) refers to startup_nuc1xx.o(HEAP) for Heap_Mem
    startup_nuc1xx.o(.text) refers to startup_nuc1xx.o(STACK) for Stack_Mem


==============================================================================

Image Symbol Table

    Local Symbols

    Symbol Name                              Value     Ov Type        Size  Object(Section)

    RESET                                    0x00000000   Section      192  startup_nuc1xx.o(RESET)
    SystemInit.s                             0x00000000   Number         0  systeminit.o ABSOLUTE
    main.s                                   0x00000000   Number         0  main.o ABSOLUTE
    reg_def.s                                0x00000000   Number         0  reg_def.o ABSOLUTE
    startup_NUC1xx.s                         0x00000000   Number         0  startup_nuc1xx.o ABSOLUTE
    .text                                    0x000000c0   Section      156  main.o(.text)
    .text                                    0x0000015c   Section      100  startup_nuc1xx.o(.text)
    Default_Handler                          0x00000187   Thumb Code     2  startup_nuc1xx.o(.text)
    .text                                    0x000001c0   Section      224  systeminit.o(.text)
    HEAP                                     0x20000000   Section        0  startup_nuc1xx.o(HEAP)
    STACK                                    0x20000000   Section     1024  startup_nuc1xx.o(STACK)
    Heap_Mem                                 0x20000000   Data           0  startup_nuc1xx.o(HEAP)
    Stack_Mem                                0x20000000   Data        1024  startup_nuc1xx.o(STACK)
    __initial_sp                             0x20000400   Data           0  startup_nuc1xx.o(STACK)

    Global Symbols

    Symbol Name                              Value     Ov Type        Size  Object(Section)

    BuildAttributes$$THM_ISAv3M$S$PE$A:L22$X:L11$S22$IEEE1$IW$USESV6$~STKCKD$USESV7$~SHL$OSPACE$EBA8$STANDARDLIB$PRES8$EABIv2 0x00000000   Number         0  anon$$obj.o ABSOLUTE
    __Vectors                                0x00000000   Data           4  startup_nuc1xx.o(RESET)
    __main                                   0x000000c1   Thumb Code   136  main.o(.text)
    Reset_Handler                            0x0000015d   Thumb Code    32  startup_nuc1xx.o(.text)
    NMI_Handler                              0x0000017d   Thumb Code     2  startup_nuc1xx.o(.text)
    HardFault_Handler                        0x0000017f   Thumb Code     2  startup_nuc1xx.o(.text)
    SVC_Handler                              0x00000181   Thumb Code     2  startup_nuc1xx.o(.text)
    PendSV_Handler                           0x00000183   Thumb Code     2  startup_nuc1xx.o(.text)
    SysTick_Handler                          0x00000185   Thumb Code     2  startup_nuc1xx.o(.text)
    ACMP_IRQHandler                          0x00000187   Thumb Code     0  startup_nuc1xx.o(.text)
    ADC_IRQHandler                           0x00000187   Thumb Code     0  startup_nuc1xx.o(.text)
    BOD_IRQHandler                           0x00000187   Thumb Code     0  startup_nuc1xx.o(.text)
    CAN0_IRQHandler                          0x00000187   Thumb Code     0  startup_nuc1xx.o(.text)
    EINT0_IRQHandler                         0x00000187   Thumb Code     0  startup_nuc1xx.o(.text)
    EINT1_IRQHandler                         0x00000187   Thumb Code     0  startup_nuc1xx.o(.text)
    GPAB_IRQHandler                          0x00000187   Thumb Code     0  startup_nuc1xx.o(.text)
    GPCDE_IRQHandler                         0x00000187   Thumb Code     0  startup_nuc1xx.o(.text)
    I2C0_IRQHandler                          0x00000187   Thumb Code     0  startup_nuc1xx.o(.text)
    I2C1_IRQHandler                          0x00000187   Thumb Code     0  startup_nuc1xx.o(.text)
    I2S_IRQHandler                           0x00000187   Thumb Code     0  startup_nuc1xx.o(.text)
    PDMA_IRQHandler                          0x00000187   Thumb Code     0  startup_nuc1xx.o(.text)
    PS2_IRQHandler                           0x00000187   Thumb Code     0  startup_nuc1xx.o(.text)
    PWMA_IRQHandler                          0x00000187   Thumb Code     0  startup_nuc1xx.o(.text)
    PWMB_IRQHandler                          0x00000187   Thumb Code     0  startup_nuc1xx.o(.text)
    PWRWU_IRQHandler                         0x00000187   Thumb Code     0  startup_nuc1xx.o(.text)
    RTC_IRQHandler                           0x00000187   Thumb Code     0  startup_nuc1xx.o(.text)
    SPI0_IRQHandler                          0x00000187   Thumb Code     0  startup_nuc1xx.o(.text)
    SPI1_IRQHandler                          0x00000187   Thumb Code     0  startup_nuc1xx.o(.text)
    SPI2_IRQHandler                          0x00000187   Thumb Code     0  startup_nuc1xx.o(.text)
    SPI3_IRQHandler                          0x00000187   Thumb Code     0  startup_nuc1xx.o(.text)
    TMR0_IRQHandler                          0x00000187   Thumb Code     0  startup_nuc1xx.o(.text)
    TMR1_IRQHandler                          0x00000187   Thumb Code     0  startup_nuc1xx.o(.text)
    TMR2_IRQHandler                          0x00000187   Thumb Code     0  startup_nuc1xx.o(.text)
    TMR3_IRQHandler                          0x00000187   Thumb Code     0  startup_nuc1xx.o(.text)
    UART02_IRQHandler                        0x00000187   Thumb Code     0  startup_nuc1xx.o(.text)
    UART1_IRQHandler                         0x00000187   Thumb Code     0  startup_nuc1xx.o(.text)
    USBD_IRQHandler                          0x00000187   Thumb Code     0  startup_nuc1xx.o(.text)
    WDT_IRQHandler                           0x00000187   Thumb Code     0  startup_nuc1xx.o(.text)
    __user_initial_stackheap                 0x00000189   Thumb Code     0  startup_nuc1xx.o(.text)
    SystemInit                               0x000001c1   Thumb Code   146  systeminit.o(.text)



==============================================================================

Memory Map of the image

  Image Entry point : 0x0000015d

  Load Region LR_1 (Base: 0x00000000, Size: 0x000002a0, Max: 0xffffffff, ABSOLUTE)

    Execution Region ER_RO (Base: 0x00000000, Size: 0x000002a0, Max: 0xffffffff, ABSOLUTE)

    Base Addr    Size         Type   Attr      Idx    E Section Name        Object

    0x00000000   0x000000c0   Data   RO            9    RESET               startup_nuc1xx.o
    0x000000c0   0x0000009c   Code   RO            1    .text               main.o
    0x0000015c   0x00000064   Code   RO           10  * .text               startup_nuc1xx.o
    0x000001c0   0x000000e0   Code   RO           14    .text               systeminit.o


    Execution Region ER_RW (Base: 0x20000000, Size: 0x00000000, Max: 0xffffffff, ABSOLUTE)

    **** No section assigned to this execution region ****


    Execution Region ER_ZI (Base: 0x20000000, Size: 0x00000400, Max: 0xffffffff, ABSOLUTE)

    Base Addr    Size         Type   Attr      Idx    E Section Name        Object

    0x20000000   0x00000000   Zero   RW            8    HEAP                startup_nuc1xx.o
    0x20000000   0x00000400   Zero   RW            7    STACK               startup_nuc1xx.o


==============================================================================

Image component sizes


      Code (inc. data)   RO Data    RW Data    ZI Data      Debug   Object Name

       156         20          0          0          0        396   main.o
       100         46        192          0       1024        568   startup_nuc1xx.o
       224         78          0          0          0        356   systeminit.o

    ----------------------------------------------------------------------
       480        144        192          0       1024       1320   Object Totals
         0          0          0          0          0          0   (incl. Generated)
         0          0          0          0          0          0   (incl. Padding)

    ----------------------------------------------------------------------
         0          0          0          0          0          0   Library Totals
         0          0          0          0          0          0   (incl. Padding)

    ----------------------------------------------------------------------

==============================================================================


      Code (inc. data)   RO Data    RW Data    ZI Data      Debug   

       480        144        192          0       1024       1216   Grand Totals
       480        144        192          0       1024       1216   ELF Image Totals
       480        144        192          0          0          0   ROM Totals

==============================================================================

    Total RO  Size (Code + RO Data)                  672 (   0.66kB)
    Total RW  Size (RW Data + ZI Data)              1024 (   1.00kB)
    Total ROM Size (Code + RO Data + RW Data)        672 (   0.66kB)

==============================================================================

