<html>
<body>
<pre>
<h1>µVision Build Log</h1>
<h2>Project:</h2>
C:\Users\Student_05\Desktop\RS-p21\git\arm\rgr\NuvotonPlatform_Keil\Sample\NUC1xx-LB_002\Smpl_Timer_WDT_RTC\Smpl_Timer_WDT_RTC.uvproj
Project File Date:  05/24/2023

<h2>Output:</h2>
Build target 'Smpl_Timer_WDT_RTC'
creating preprocessor file for core_cm0.c...
compiling core_cm0.c...
creating preprocessor file for system_NUC1xx.c...
compiling system_NUC1xx.c...
assembling startup_NUC1xx.s...
creating preprocessor file for Smpl_Timer_WDT_RTC.c...
compiling Smpl_Timer_WDT_RTC.c...
creating preprocessor file for LCD_Driver.c...
compiling LCD_Driver.c...
creating preprocessor file for Ascii_Table.C...
compiling Ascii_Table.C...
creating preprocessor file for DrvGPIO.c...
compiling DrvGPIO.c...
linking...
Program Size: Code=3824 RO-data=312 RW-data=1556 ZI-data=1124  
After Build - User command #1: fromelf --bin ".\obj\Smpl_Timer_WDT_RTC.axf" --output ".\obj\Smpl_Timer_WDT_RTC.bin"
After Build - User command #2: fromelf --text -c ".\obj\Smpl_Timer_WDT_RTC.axf" --output ".\obj\Smpl_Timer_WDT_RTC.txt"
".\obj\Smpl_Timer_WDT_RTC.axf" - 0 Error(s), 0 Warning(s).
</pre>
</body>
</html>
