<html>
<body>
<pre>
<h1>µVision Build Log</h1>
<h2>Project:</h2>
C:\Users\Student_05\Desktop\RS-p21\git\arm\lab_4\lab4.uvprojx
Project File Date:  05/25/2023

<h2>Output:</h2>
Build target 'Target 1'
assembling main.s...
linking...
Program Size: Code=480 RO-data=192 RW-data=0 ZI-data=1024  
".\Objects\lab4.axf" - 0 Error(s), 0 Warning(s).
Load "C:\\Users\\Student_05\\Desktop\\RS-p21\\git\\arm\\lab_4\\Objects\\lab4.axf" 
</pre>
</body>
</html>
t\\arm\\lab_4\\Objects\\lab4.axf" 
