Product: MDK-ARM Lite 5.10
Component: ARM Compiler 5.04 update 1 (build 49)
Tool: armlink [5040049]

==============================================================================

Section Cross References

    startup_nuc1xx.o(RESET) refers to startup_nuc1xx.o(STACK) for __initial_sp
    startup_nuc1xx.o(RESET) refers to startup_nuc1xx.o(.text) for Reset_Handler
    startup_nuc1xx.o(.text) refers to systeminit.o(.text) for SystemInit
    startup_nuc1xx.o(.text) refers to __main1.o(.text) for __main1
    startup_nuc1xx.o(.text) refers to startup_nuc1xx.o(HEAP) for Heap_Mem
    startup_nuc1xx.o(.text) refers to startup_nuc1xx.o(STACK) for Stack_Mem


==============================================================================

Removing Unused input sections from the image.

    Removing __main.o(.text), (48 bytes).

1 unused section(s) (total 48 bytes) removed from the image.

==============================================================================

Image Symbol Table

    Local Symbols

    Symbol Name                              Value     Ov Type        Size  Object(Section)

    RESET                                    0x00000000   Section      192  startup_nuc1xx.o(RESET)
    SystemInit.s                             0x00000000   Number         0  systeminit.o ABSOLUTE
    __main.s                                 0x00000000   Number         0  __main.o ABSOLUTE
    __main1.s                                0x00000000   Number         0  __main1.o ABSOLUTE
    reg_def.s                                0x00000000   Number         0  reg_def.o ABSOLUTE
    startup_NUC1xx.s                         0x00000000   Number         0  startup_nuc1xx.o ABSOLUTE
    .text                                    0x000000c0   Section      100  startup_nuc1xx.o(.text)
    Default_Handler                          0x000000eb   Thumb Code     2  startup_nuc1xx.o(.text)
    .text                                    0x00000124   Section      128  systeminit.o(.text)
    .text                                    0x000001a4   Section      120  __main1.o(.text)
    HEAP                                     0x20000000   Section        0  startup_nuc1xx.o(HEAP)
    STACK                                    0x20000000   Section     1024  startup_nuc1xx.o(STACK)
    Heap_Mem                                 0x20000000   Data           0  startup_nuc1xx.o(HEAP)
    Stack_Mem                                0x20000000   Data        1024  startup_nuc1xx.o(STACK)
    __initial_sp                             0x20000400   Data           0  startup_nuc1xx.o(STACK)

    Global Symbols

    Symbol Name                              Value     Ov Type        Size  Object(Section)

    BuildAttributes$$THM_ISAv3M$S$PE$A:L22$X:L11$S22$IEEE1$IW$USESV6$~STKCKD$USESV7$~SHL$OSPACE$EBA8$STANDARDLIB$PRES8$EABIv2 0x00000000   Number         0  anon$$obj.o ABSOLUTE
    __Vectors                                0x00000000   Data           4  startup_nuc1xx.o(RESET)
    Reset_Handler                            0x000000c1   Thumb Code    32  startup_nuc1xx.o(.text)
    NMI_Handler                              0x000000e1   Thumb Code     2  startup_nuc1xx.o(.text)
    HardFault_Handler                        0x000000e3   Thumb Code     2  startup_nuc1xx.o(.text)
    SVC_Handler                              0x000000e5   Thumb Code     2  startup_nuc1xx.o(.text)
    PendSV_Handler                           0x000000e7   Thumb Code     2  startup_nuc1xx.o(.text)
    SysTick_Handler                          0x000000e9   Thumb Code     2  startup_nuc1xx.o(.text)
    ACMP_IRQHandler                          0x000000eb   Thumb Code     0  startup_nuc1xx.o(.text)
    ADC_IRQHandler                           0x000000eb   Thumb Code     0  startup_nuc1xx.o(.text)
    BOD_IRQHandler                           0x000000eb   Thumb Code     0  startup_nuc1xx.o(.text)
    CAN0_IRQHandler                          0x000000eb   Thumb Code     0  startup_nuc1xx.o(.text)
    EINT0_IRQHandler                         0x000000eb   Thumb Code     0  startup_nuc1xx.o(.text)
    EINT1_IRQHandler                         0x000000eb   Thumb Code     0  startup_nuc1xx.o(.text)
    GPAB_IRQHandler                          0x000000eb   Thumb Code     0  startup_nuc1xx.o(.text)
    GPCDE_IRQHandler                         0x000000eb   Thumb Code     0  startup_nuc1xx.o(.text)
    I2C0_IRQHandler                          0x000000eb   Thumb Code     0  startup_nuc1xx.o(.text)
    I2C1_IRQHandler                          0x000000eb   Thumb Code     0  startup_nuc1xx.o(.text)
    I2S_IRQHandler                           0x000000eb   Thumb Code     0  startup_nuc1xx.o(.text)
    PDMA_IRQHandler                          0x000000eb   Thumb Code     0  startup_nuc1xx.o(.text)
    PS2_IRQHandler                           0x000000eb   Thumb Code     0  startup_nuc1xx.o(.text)
    PWMA_IRQHandler                          0x000000eb   Thumb Code     0  startup_nuc1xx.o(.text)
    PWMB_IRQHandler                          0x000000eb   Thumb Code     0  startup_nuc1xx.o(.text)
    PWRWU_IRQHandler                         0x000000eb   Thumb Code     0  startup_nuc1xx.o(.text)
    RTC_IRQHandler                           0x000000eb   Thumb Code     0  startup_nuc1xx.o(.text)
    SPI0_IRQHandler                          0x000000eb   Thumb Code     0  startup_nuc1xx.o(.text)
    SPI1_IRQHandler                          0x000000eb   Thumb Code     0  startup_nuc1xx.o(.text)
    SPI2_IRQHandler                          0x000000eb   Thumb Code     0  startup_nuc1xx.o(.text)
    SPI3_IRQHandler                          0x000000eb   Thumb Code     0  startup_nuc1xx.o(.text)
    TMR0_IRQHandler                          0x000000eb   Thumb Code     0  startup_nuc1xx.o(.text)
    TMR1_IRQHandler                          0x000000eb   Thumb Code     0  startup_nuc1xx.o(.text)
    TMR2_IRQHandler                          0x000000eb   Thumb Code     0  startup_nuc1xx.o(.text)
    TMR3_IRQHandler                          0x000000eb   Thumb Code     0  startup_nuc1xx.o(.text)
    UART02_IRQHandler                        0x000000eb   Thumb Code     0  startup_nuc1xx.o(.text)
    UART1_IRQHandler                         0x000000eb   Thumb Code     0  startup_nuc1xx.o(.text)
    USBD_IRQHandler                          0x000000eb   Thumb Code     0  startup_nuc1xx.o(.text)
    WDT_IRQHandler                           0x000000eb   Thumb Code     0  startup_nuc1xx.o(.text)
    __user_initial_stackheap                 0x000000ed   Thumb Code     0  startup_nuc1xx.o(.text)
    SystemInit                               0x00000125   Thumb Code    74  systeminit.o(.text)
    __main1                                  0x000001a5   Thumb Code    82  __main1.o(.text)



==============================================================================

Memory Map of the image

  Image Entry point : 0x000000c1

  Load Region LR_1 (Base: 0x00000000, Size: 0x0000021c, Max: 0xffffffff, ABSOLUTE)

    Execution Region ER_RO (Base: 0x00000000, Size: 0x0000021c, Max: 0xffffffff, ABSOLUTE)

    Base Addr    Size         Type   Attr      Idx    E Section Name        Object

    0x00000000   0x000000c0   Data   RO            3    RESET               startup_nuc1xx.o
    0x000000c0   0x00000064   Code   RO            4  * .text               startup_nuc1xx.o
    0x00000124   0x00000080   Code   RO           14    .text               systeminit.o
    0x000001a4   0x00000078   Code   RO           18    .text               __main1.o


    Execution Region ER_RW (Base: 0x20000000, Size: 0x00000000, Max: 0xffffffff, ABSOLUTE)

    **** No section assigned to this execution region ****


    Execution Region ER_ZI (Base: 0x20000000, Size: 0x00000400, Max: 0xffffffff, ABSOLUTE)

    Base Addr    Size         Type   Attr      Idx    E Section Name        Object

    0x20000000   0x00000000   Zero   RW            2    HEAP                startup_nuc1xx.o
    0x20000000   0x00000400   Zero   RW            1    STACK               startup_nuc1xx.o


==============================================================================

Image component sizes


      Code (inc. data)   RO Data    RW Data    ZI Data      Debug   Object Name

       120         38          0          0          0        332   __main1.o
       100         46        192          0       1024        620   startup_nuc1xx.o
       128         54          0          0          0        336   systeminit.o

    ----------------------------------------------------------------------
       348        138        192          0       1024       1288   Object Totals
         0          0          0          0          0          0   (incl. Generated)
         0          0          0          0          0          0   (incl. Padding)

    ----------------------------------------------------------------------
         0          0          0          0          0          0   Library Totals
         0          0          0          0          0          0   (incl. Padding)

    ----------------------------------------------------------------------

==============================================================================


      Code (inc. data)   RO Data    RW Data    ZI Data      Debug   

       348        138        192          0       1024       1184   Grand Totals
       348        138        192          0       1024       1184   ELF Image Totals
       348        138        192          0          0          0   ROM Totals

==============================================================================

    Total RO  Size (Code + RO Data)                  540 (   0.53kB)
    Total RW  Size (RW Data + ZI Data)              1024 (   1.00kB)
    Total ROM Size (Code + RO Data + RW Data)        540 (   0.53kB)

==============================================================================

