<html>
<body>
<pre>
<h1>µVision Build Log</h1>
<h2>Project:</h2>
C:\Users\Student_05\Desktop\RS-p21\lab1\lab1.uvproj
Project File Date:  05/10/2023

<h2>Output:</h2>
Build target 'Target 1'
assembling __main.s...
assembling SystemInit.s...
SystemInit.s(61): warning: A1581W: Added 2 bytes of padding at address 0x4a
assembling reg_def.s...
assembling __main1.s...
__main1.s(72): warning: A1581W: Added 2 bytes of padding at address 0x52
linking...
Program Size: Code=348 RO-data=192 RW-data=0 ZI-data=1024  
".\lab1.axf" - 0 Error(s), 2 Warning(s).
Load "C:\\Users\\Student_05\\Desktop\\RS-p21\\lab1\\lab1.axf" 
