<html>
<body>
<pre>
<h1>µVision Build Log</h1>
<h2>Project:</h2>
C:\Users\Student_05\Desktop\RS-p21\git\arm\lab5\lab5.uvproj
Project File Date:  05/17/2023

<h2>Output:</h2>
Build target 'Target 1'
compiling main.c...
linking...
Program Size: Code=1224 RO-data=208 RW-data=0 ZI-data=1120  
".\lab5.axf" - 0 Error(s), 0 Warning(s).
Load "C:\\Users\\Student_05\\Desktop\\RS-p21\\git\\arm\\lab5\\lab5.axf" 
Load "C:\\Users\\Student_05\\Desktop\\RS-p21\\git\\arm\\lab5\\lab5.axf" 
</pre>
</body>
</html>
5\\Desktop\\RS-p21\\git\\arm\\lab5\\lab5.axf" 
5.axf" - 0 Error(s), 2 Warning(s).
Load "C:\\Users\\Student_05\\Desktop\\RS-p21\\git\\arm\\lab5\\lab5.axf" 
Load "C:\\Users\\Student_05\\Desktop\\RS-p21\\git\\arm\\lab5\\lab5.axf" 
Load "C:\\Users\\Student_05\\Desktop\\RS-p21\\git\\arm\\lab5\\lab5.axf" 
