###############################################################################
#                                                                             #
# IAR ELF Linker V5.50.0.51878/W32 for ARM              06/Jul/2010  14:34:58 #
# Copyright (C) 2007-2010 IAR Systems AB.                                     #
#                                                                             #
#    Output file  =  E:\FreeRTOS_Keil_IAR\FreeRTOS\Demo\CORTEX_NUC1xx_Keil_IA #
#                    R\Debug\Exe\RTOSDemo.out                                 #
#    Map file     =  E:\FreeRTOS_Keil_IAR\FreeRTOS\Demo\CORTEX_NUC1xx_Keil_IA #
#                    R\Debug\List\RTOSDemo.map                                #
#    Command line =  E:\FreeRTOS_Keil_IAR\FreeRTOS\Demo\CORTEX_NUC1xx_Keil_IA #
#                    R\Debug\Obj\AltBlckQ.o E:\FreeRTOS_Keil_IAR\FreeRTOS\Dem #
#                    o\CORTEX_NUC1xx_Keil_IAR\Debug\Obj\AltBlock.o            #
#                    E:\FreeRTOS_Keil_IAR\FreeRTOS\Demo\CORTEX_NUC1xx_Keil_IA #
#                    R\Debug\Obj\AltPollQ.o E:\FreeRTOS_Keil_IAR\FreeRTOS\Dem #
#                    o\CORTEX_NUC1xx_Keil_IAR\Debug\Obj\AltQTest.o            #
#                    E:\FreeRTOS_Keil_IAR\FreeRTOS\Demo\CORTEX_NUC1xx_Keil_IA #
#                    R\Debug\Obj\BlockQ.o E:\FreeRTOS_Keil_IAR\FreeRTOS\Demo\ #
#                    CORTEX_NUC1xx_Keil_IAR\Debug\Obj\GenQTest.o              #
#                    E:\FreeRTOS_Keil_IAR\FreeRTOS\Demo\CORTEX_NUC1xx_Keil_IA #
#                    R\Debug\Obj\IntQueue.o E:\FreeRTOS_Keil_IAR\FreeRTOS\Dem #
#                    o\CORTEX_NUC1xx_Keil_IAR\Debug\Obj\IntQueueTimer.o       #
#                    E:\FreeRTOS_Keil_IAR\FreeRTOS\Demo\CORTEX_NUC1xx_Keil_IA #
#                    R\Debug\Obj\ParTest.o E:\FreeRTOS_Keil_IAR\FreeRTOS\Demo #
#                    \CORTEX_NUC1xx_Keil_IAR\Debug\Obj\PollQ.o                #
#                    E:\FreeRTOS_Keil_IAR\FreeRTOS\Demo\CORTEX_NUC1xx_Keil_IA #
#                    R\Debug\Obj\QPeek.o E:\FreeRTOS_Keil_IAR\FreeRTOS\Demo\C #
#                    ORTEX_NUC1xx_Keil_IAR\Debug\Obj\Queue_Test.o             #
#                    E:\FreeRTOS_Keil_IAR\FreeRTOS\Demo\CORTEX_NUC1xx_Keil_IA #
#                    R\Debug\Obj\Smpl_DrvUART.o E:\FreeRTOS_Keil_IAR\FreeRTOS #
#                    \Demo\CORTEX_NUC1xx_Keil_IAR\Debug\Obj\Thread_Test.o     #
#                    E:\FreeRTOS_Keil_IAR\FreeRTOS\Demo\CORTEX_NUC1xx_Keil_IA #
#                    R\Debug\Obj\blocktim.o E:\FreeRTOS_Keil_IAR\FreeRTOS\Dem #
#                    o\CORTEX_NUC1xx_Keil_IAR\Debug\Obj\core_cm0.o            #
#                    E:\FreeRTOS_Keil_IAR\FreeRTOS\Demo\CORTEX_NUC1xx_Keil_IA #
#                    R\Debug\Obj\countsem.o E:\FreeRTOS_Keil_IAR\FreeRTOS\Dem #
#                    o\CORTEX_NUC1xx_Keil_IAR\Debug\Obj\death.o               #
#                    E:\FreeRTOS_Keil_IAR\FreeRTOS\Demo\CORTEX_NUC1xx_Keil_IA #
#                    R\Debug\Obj\dynamic.o E:\FreeRTOS_Keil_IAR\FreeRTOS\Demo #
#                    \CORTEX_NUC1xx_Keil_IAR\Debug\Obj\flash.o                #
#                    E:\FreeRTOS_Keil_IAR\FreeRTOS\Demo\CORTEX_NUC1xx_Keil_IA #
#                    R\Debug\Obj\flop.o E:\FreeRTOS_Keil_IAR\FreeRTOS\Demo\CO #
#                    RTEX_NUC1xx_Keil_IAR\Debug\Obj\heap_2.o                  #
#                    E:\FreeRTOS_Keil_IAR\FreeRTOS\Demo\CORTEX_NUC1xx_Keil_IA #
#                    R\Debug\Obj\integer.o E:\FreeRTOS_Keil_IAR\FreeRTOS\Demo #
#                    \CORTEX_NUC1xx_Keil_IAR\Debug\Obj\list.o                 #
#                    E:\FreeRTOS_Keil_IAR\FreeRTOS\Demo\CORTEX_NUC1xx_Keil_IA #
#                    R\Debug\Obj\main.o E:\FreeRTOS_Keil_IAR\FreeRTOS\Demo\CO #
#                    RTEX_NUC1xx_Keil_IAR\Debug\Obj\port.o                    #
#                    E:\FreeRTOS_Keil_IAR\FreeRTOS\Demo\CORTEX_NUC1xx_Keil_IA #
#                    R\Debug\Obj\portasm.o E:\FreeRTOS_Keil_IAR\FreeRTOS\Demo #
#                    \CORTEX_NUC1xx_Keil_IAR\Debug\Obj\queue.o                #
#                    E:\FreeRTOS_Keil_IAR\FreeRTOS\Demo\CORTEX_NUC1xx_Keil_IA #
#                    R\Debug\Obj\recmutex.o E:\FreeRTOS_Keil_IAR\FreeRTOS\Dem #
#                    o\CORTEX_NUC1xx_Keil_IAR\Debug\Obj\retarget.o            #
#                    E:\FreeRTOS_Keil_IAR\FreeRTOS\Demo\CORTEX_NUC1xx_Keil_IA #
#                    R\Debug\Obj\semtest.o E:\FreeRTOS_Keil_IAR\FreeRTOS\Demo #
#                    \CORTEX_NUC1xx_Keil_IAR\Debug\Obj\startup_NUCxxx_iar.o   #
#                    E:\FreeRTOS_Keil_IAR\FreeRTOS\Demo\CORTEX_NUC1xx_Keil_IA #
#                    R\Debug\Obj\system_NUC1xx.o                              #
#                    E:\FreeRTOS_Keil_IAR\FreeRTOS\Demo\CORTEX_NUC1xx_Keil_IA #
#                    R\Debug\Obj\tasks.o --redirect _Printf=_PrintfTiny       #
#                    --redirect _Scanf=_ScanfSmall -o                         #
#                    E:\FreeRTOS_Keil_IAR\FreeRTOS\Demo\CORTEX_NUC1xx_Keil_IA #
#                    R\Debug\Exe\RTOSDemo.out --map                           #
#                    E:\FreeRTOS_Keil_IAR\FreeRTOS\Demo\CORTEX_NUC1xx_Keil_IA #
#                    R\Debug\List\RTOSDemo.map --log                          #
#                    initialization,modules,sections,veneers --log_file       #
#                    E:\FreeRTOS_Keil_IAR\FreeRTOS\Demo\CORTEX_NUC1xx_Keil_IA #
#                    R\Debug\List\RTOSDemo.log --config                       #
#                    E:\FreeRTOS_Keil_IAR\FreeRTOS\Demo\CORTEX_NUC1xx_Keil_IA #
#                    R\RTOSDemo.icf --semihosting --entry __iar_program_start #
#                                                                             #
#                                                                             #
###############################################################################

*******************************************************************************
*** PLACEMENT SUMMARY
***

"A1":  place at 0x00000000 { ro section .intvec };
"P1":  place in [from 0x00000000 to 0x0001ffff] { ro };
"P2":  place in [from 0x20000000 to 0x20003fff] {
          rw, block CSTACK, block HEAP };

  Section            Kind        Address    Size  Object
  -------            ----        -------    ----  ------
"A1":                                       0xc0
  .intvec            ro code  0x00000000    0xc0  startup_NUCxxx_iar.o [1]
                            - 0x000000c0    0xc0

"P1":                                     0x1d54
  .text              ro code  0x000000c0   0x78c  tasks.o [1]
  .text              ro code  0x0000084c   0x45a  queue.o [1]
  .text              ro code  0x00000ca8   0x2f8  IntQueue.o [1]
  .text              ro code  0x00000fa0   0x1e8  BlockQ.o [1]
  .text              ro code  0x00001188   0x1dc  main.o [1]
  .text              ro code  0x00001364   0x15c  xprintftiny.o [3]
  .text              ro code  0x000014c0   0x124  Smpl_DrvUART.o [1]
  .text              ro code  0x000015e4   0x124  heap_2.o [1]
  .text              ro code  0x00001708    0xc4  port.o [1]
  .text              ro code  0x000017cc    0x9c  list.o [1]
  .text              ro code  0x00001868    0x8c  Thread_Test.o [1]
  .text              ro code  0x000018f4    0x8c  ABImemcpy.o [4]
  CODE               ro code  0x00001980    0x8c  portasm.o [1]
  .text              ro code  0x00001a0c    0x5c  ABImemset.o [4]
  .text              ro code  0x00001a68    0x54  I32DivMod.o [4]
  .text              ro code  0x00001abc    0x4a  retarget.o [1]
  .text              ro code  0x00001b08    0x40  IntQueueTimer.o [1]
  .text              ro code  0x00001b48    0x2e  copy_init3.o [4]
  .text              ro code  0x00001b78    0x2c  data_init3.o [4]
  .text              ro code  0x00001ba4    0x28  iarttio.o [5]
  .text              ro code  0x00001bcc    0x28  zero_init3.o [4]
  .text              ro code  0x00001bf4    0x26  strncpy.o [4]
  .iar.init_table    const    0x00001c1c    0x24  - Linker created -
  .text              ro code  0x00001c40    0x20  printf.o [3]
  .text              ro code  0x00001c60    0x16  cmain.o [4]
  .text              ro code  0x00001c76    0x16  xprout.o [3]
  .rodata            const    0x00001c8c    0x14  Smpl_DrvUART.o [1]
  .text              ro code  0x00001ca0    0x14  exit.o [5]
  .text              ro code  0x00001cb4    0x14  IntQueue.o [1]
  .text              ro code  0x00001cc8    0x14  strlen.o [4]
  .rodata            const    0x00001cdc    0x10  Thread_Test.o [1]
  .rodata            const    0x00001cec    0x10  Thread_Test.o [1]
  .text              ro code  0x00001cfc    0x10  startup_NUCxxx_iar.o [1]
  .text              ro code  0x00001d0c    0x10  putchar.o [3]
  .text              ro code  0x00001d1c     0xe  queue.o [1]
  .rodata            const    0x00001d2c     0xc  Thread_Test.o [1]
  .rodata            const    0x00001d38     0xc  Thread_Test.o [1]
  .text              ro code  0x00001d44     0xc  cstartup_M.o [4]
  .text              ro code  0x00001d50     0xa  cexit.o [4]
  .rodata            const    0x00001d5c     0x8  BlockQ.o [1]
  .rodata            const    0x00001d64     0x8  BlockQ.o [1]
  .rodata            const    0x00001d6c     0x8  BlockQ.o [1]
  .rodata            const    0x00001d74     0x8  BlockQ.o [1]
  .rodata            const    0x00001d7c     0x8  BlockQ.o [1]
  .rodata            const    0x00001d84     0x8  BlockQ.o [1]
  .rodata            const    0x00001d8c     0x8  Smpl_DrvUART.o [1]
  .rodata            const    0x00001d94     0x8  tasks.o [1]
  .text              ro code  0x00001d9c     0x8  XShttio.o [3]
  .text              ro code  0x00001da4     0x6  exit.o [3]
  .text              ro code  0x00001dac     0x2  IntDivZer.o [4]
  .text              ro code  0x00001dae     0x4  low_level_init.o [3]
  .rodata            const    0x00001db2     0x2  heap_2.o [1]
  .text              ro code  0x00001db4     0x2  startup_NUCxxx_iar.o [1]
  .text              ro code  0x00001db6     0x2  system_NUC1xx.o [1]
  .rodata            const    0x00001db8     0x1  Smpl_DrvUART.o [1]
  Initializer bytes  ro data  0x00001dbc    0x58  <for P2 s0>
                            - 0x00001e14  0x1d54

"P2", part 1 of 3:                         0x400
  CSTACK                      0x20000000   0x400  <Block>
    CSTACK           uninit   0x20000000   0x400  <Block tail>
                            - 0x20000400   0x400

"P2", part 2 of 3:                          0x58
  P2 s0                       0x20000400    0x58  <Init block>
    .data            inited   0x20000400    0x40  xfiles.o [3]
    .data            inited   0x20000440     0x8  XShttio.o [3]
    .data            inited   0x20000448     0x4  IntQueue.o [1]
    .data            inited   0x2000044c     0x4  Smpl_DrvUART.o [1]
    .data            inited   0x20000450     0x4  heap_2.o [1]
    .data            inited   0x20000454     0x4  port.o [1]
                            - 0x20000458    0x58

"P2", part 3 of 3:                        0x377c
  .bss               zero     0x20000458  0x3400  heap_2.o [1]
  .bss               zero     0x20003858    0xc8  IntQueue.o [1]
  .bss               zero     0x20003920    0xc8  IntQueue.o [1]
  .bss               zero     0x200039e8    0x78  tasks.o [1]
  .bss               zero     0x20003a60    0x50  xfiles.o [3]
  .bss               zero     0x20003ab0    0x40  Smpl_DrvUART.o [1]
  .bss               zero     0x20003af0    0x14  tasks.o [1]
  .bss               zero     0x20003b04    0x14  tasks.o [1]
  .bss               zero     0x20003b18    0x14  tasks.o [1]
  .bss               zero     0x20003b2c    0x14  tasks.o [1]
  .bss               zero     0x20003b40    0x14  tasks.o [1]
  .bss               zero     0x20003b54     0x8  BlockQ.o [1]
  .bss               zero     0x20003b5c     0x8  BlockQ.o [1]
  .bss               zero     0x20003b64     0x8  heap_2.o [1]
  .bss               zero     0x20003b6c     0x8  heap_2.o [1]
  .bss               zero     0x20003b74     0x4  IntQueue.o [1]
  .bss               zero     0x20003b78     0x4  IntQueue.o [1]
  .bss               zero     0x20003b7c     0x4  IntQueue.o [1]
  .bss               zero     0x20003b80     0x4  IntQueue.o [1]
  .bss               zero     0x20003b84     0x4  IntQueue.o [1]
  .bss               zero     0x20003b88     0x4  IntQueue.o [1]
  .bss               zero     0x20003b8c     0x4  IntQueue.o [1]
  .bss               zero     0x20003b90     0x4  heap_2.o [1]
  .bss               zero     0x20003b94     0x4  tasks.o [1]
  .bss               zero     0x20003b98     0x4  tasks.o [1]
  .bss               zero     0x20003b9c     0x4  tasks.o [1]
  .bss               zero     0x20003ba0     0x4  tasks.o [1]
  .bss               zero     0x20003ba4     0x4  tasks.o [1]
  .bss               zero     0x20003ba8     0x4  tasks.o [1]
  .bss               zero     0x20003bac     0x4  tasks.o [1]
  .bss               zero     0x20003bb0     0x4  tasks.o [1]
  .bss               zero     0x20003bb4     0x4  tasks.o [1]
  .bss               zero     0x20003bb8     0x4  tasks.o [1]
  .bss               zero     0x20003bbc     0x4  tasks.o [1]
  .bss               zero     0x20003bc0     0x4  tasks.o [1]
  .bss               zero     0x20003bc4     0x4  tasks.o [1]
  .bss               zero     0x20003bc8     0x4  tasks.o [1]
  .bss               zero     0x20003bcc     0x2  Smpl_DrvUART.o [1]
  .bss               zero     0x20003bce     0x2  Smpl_DrvUART.o [1]
  .bss               zero     0x20003bd0     0x2  Smpl_DrvUART.o [1]
                            - 0x20003bd2  0x377a


*******************************************************************************
*** INIT TABLE
***

          Address     Size
          -------     ----
Zero (__iar_zero_init3)
    1 destination range, total size 0x377a:
          0x20000458  0x377a

Copy (__iar_copy_init3)
    1 source range, total size 0x58 (100% of destination):
          0x00001dbc    0x58
    1 destination range, total size 0x58:
          0x20000400    0x58


*******************************************************************************
*** MODULE SUMMARY
***

    Module                ro code  ro data  rw data
    ------                -------  -------  -------
E:\FreeRTOS_Keil_IAR\FreeRTOS\Demo\CORTEX_NUC1xx_Keil_IAR\Debug\Obj: [1]
    BlockQ.o                  488       48       16
    IntQueue.o                780        4      432
    IntQueueTimer.o            64
    Smpl_DrvUART.o            292       33       74
    Thread_Test.o             140       56
    heap_2.o                  292        6   13 336
    list.o                    156
    main.o                    476
    port.o                    196        4        4
    portasm.o                 140
    queue.o                 1 128
    retarget.o                 74
    startup_NUCxxx_iar.o      210
    system_NUC1xx.o             2
    tasks.o                 1 932        8      276
    -----------------------------------------------
    Total:                  6 370      159   14 138

command line: [2]
    -----------------------------------------------
    Total:

dl6M_tl_if.a: [3]
    XShttio.o                   8        8        8
    exit.o                      6
    low_level_init.o            4
    printf.o                   32
    putchar.o                  16
    xfiles.o                            64      144
    xprintftiny.o             348
    xprout.o                   22
    -----------------------------------------------
    Total:                    436       72      152

rt6M_tl.a: [4]
    ABImemcpy.o               140
    ABImemset.o                92
    I32DivMod.o                84
    IntDivZer.o                 2
    cexit.o                    10
    cmain.o                    22
    copy_init3.o               46
    cstartup_M.o               12
    data_init3.o               44
    strlen.o                   20
    strncpy.o                  38
    zero_init3.o               40
    -----------------------------------------------
    Total:                    550

shb_l.a: [5]
    exit.o                     20
    iarttio.o                  40
    -----------------------------------------------
    Total:                     60

    Gaps                        8        6
    Linker created                      39    1 024
---------------------------------------------------
    Grand Total:            7 424      276   15 314


*******************************************************************************
*** ENTRY LIST
***

Entry                      Address    Size  Type      Object
-----                      -------    ----  ----      ------
ACMP_IRQHandler         0x00001db5          Code  Wk  startup_NUCxxx_iar.o [1]
ADC_IRQHandler          0x00001db5          Code  Wk  startup_NUCxxx_iar.o [1]
BOD_IRQHandler          0x00001db5          Code  Wk  startup_NUCxxx_iar.o [1]
CAN0_IRQHandler         0x00001db5          Code  Wk  startup_NUCxxx_iar.o [1]
CSTACK$$Base            0x20000000           --   Gb  - Linker created -
CSTACK$$Limit           0x20000400           --   Gb  - Linker created -
EINT0_IRQHandler        0x00001db5          Code  Wk  startup_NUCxxx_iar.o [1]
EINT1_IRQHandler        0x00001db5          Code  Wk  startup_NUCxxx_iar.o [1]
GPAB_IRQHandler         0x00001db5          Code  Wk  startup_NUCxxx_iar.o [1]
GPCDE_IRQHandler        0x00001db5          Code  Wk  startup_NUCxxx_iar.o [1]
HardFault_Handler       0x00001db5          Code  Wk  startup_NUCxxx_iar.o [1]
I2C0_IRQHandler         0x00001db5          Code  Wk  startup_NUCxxx_iar.o [1]
I2C1_IRQHandler         0x00001db5          Code  Wk  startup_NUCxxx_iar.o [1]
I2S_IRQHandler          0x00001db5          Code  Wk  startup_NUCxxx_iar.o [1]
NMI_Handler             0x00001db5          Code  Wk  startup_NUCxxx_iar.o [1]
NUC1xx_UART_Init        0x0000120b   0x11e  Code  Lc  main.o [1]
PDMA_IRQHandler         0x00001db5          Code  Wk  startup_NUCxxx_iar.o [1]
PS2_IRQHandler          0x00001db5          Code  Wk  startup_NUCxxx_iar.o [1]
PWMA_IRQHandler         0x00001db5          Code  Wk  startup_NUCxxx_iar.o [1]
PWMB_IRQHandler         0x00001db5          Code  Wk  startup_NUCxxx_iar.o [1]
PWRWU_IRQHandler        0x00001db5          Code  Wk  startup_NUCxxx_iar.o [1]
PendSV_Handler          0x00001db5          Code  Wk  startup_NUCxxx_iar.o [1]
RTC_IRQHandler          0x00001db5          Code  Wk  startup_NUCxxx_iar.o [1]
Region$$Table$$Base     0x00001c1c           --   Gb  - Linker created -
Region$$Table$$Limit    0x00001c40           --   Gb  - Linker created -
Reset_Handler           0x00001cfd          Code  Wk  startup_NUCxxx_iar.o [1]
SPI0_IRQHandler         0x00001db5          Code  Wk  startup_NUCxxx_iar.o [1]
SPI1_IRQHandler         0x00001db5          Code  Wk  startup_NUCxxx_iar.o [1]
SPI2_IRQHandler         0x00001db5          Code  Wk  startup_NUCxxx_iar.o [1]
SPI3_IRQHandler         0x00001db5          Code  Wk  startup_NUCxxx_iar.o [1]
SVC_Handler             0x00001db5          Code  Wk  startup_NUCxxx_iar.o [1]
SendChar                0x00001abd    0x36  Code  Gb  retarget.o [1]
SysTick_Handler         0x00001db5          Code  Wk  startup_NUCxxx_iar.o [1]
SystemInit              0x00001db7     0x2  Code  Gb  system_NUC1xx.o [1]
TMR0_IRQHandler         0x00001db5          Code  Wk  startup_NUCxxx_iar.o [1]
TMR1_IRQHandler         0x00001db5          Code  Wk  startup_NUCxxx_iar.o [1]
TMR2_IRQHandler         0x00001b09    0x1c  Code  Gb  IntQueueTimer.o [1]
TMR3_IRQHandler         0x00001b25    0x1c  Code  Gb  IntQueueTimer.o [1]
Thread_Task1            0x000018a9    0x1a  Code  Gb  Thread_Test.o [1]
Thread_Task2            0x000018c3    0x1a  Code  Gb  Thread_Test.o [1]
UART02_IRQHandler       0x000014c1    0xf2  Code  Gb  Smpl_DrvUART.o [1]
UART1_IRQHandler        0x00001db5          Code  Wk  startup_NUCxxx_iar.o [1]
USBD_IRQHandler         0x00001db5          Code  Wk  startup_NUCxxx_iar.o [1]
WDT_IRQHandler          0x00001db5          Code  Wk  startup_NUCxxx_iar.o [1]
_PrintfTiny             0x00001365   0x15c  Code  Gb  xprintftiny.o [3]
_Prout                  0x00001c77    0x16  Code  Gb  xprout.o [3]
__aeabi_idiv            0x00001a69          Code  Gb  I32DivMod.o [4]
__aeabi_idiv0           0x00001dad          Code  Gb  IntDivZer.o [4]
__aeabi_idivmod         0x00001a69          Code  Gb  I32DivMod.o [4]
__aeabi_memclr          0x00001a61          Code  Gb  ABImemset.o [4]
__aeabi_memclr4         0x00001a65          Code  Gb  ABImemset.o [4]
__aeabi_memclr8         0x00001a65          Code  Gb  ABImemset.o [4]
__aeabi_memcpy          0x000018f5          Code  Gb  ABImemcpy.o [4]
__aeabi_memcpy4         0x0000190f          Code  Gb  ABImemcpy.o [4]
__aeabi_memcpy8         0x0000190f          Code  Gb  ABImemcpy.o [4]
__aeabi_memset          0x00001a0d          Code  Gb  ABImemset.o [4]
__aeabi_memset4         0x00001a29          Code  Gb  ABImemset.o [4]
__aeabi_memset8         0x00001a29          Code  Gb  ABImemset.o [4]
__aeabi_uidiv           0x00001a75          Code  Gb  I32DivMod.o [4]
__aeabi_uidivmod        0x00001a75          Code  Gb  I32DivMod.o [4]
__cmain                 0x00001c61          Code  Gb  cmain.o [4]
__exit                  0x00001ca1    0x14  Code  Gb  exit.o [5]
__iar_Memset4_word      0x00001a33          Code  Gb  ABImemset.o [4]
__iar_Memset_word       0x00001a17          Code  Gb  ABImemset.o [4]
__iar_Stdout            0x20000400    0x40  Data  Gb  xfiles.o [3]
__iar_close_ttio        0x00001ba5    0x26  Code  Gb  iarttio.o [5]
__iar_copy_init3        0x00001b49    0x2e  Code  Gb  copy_init3.o [4]
__iar_data_init3        0x00001b79    0x2c  Code  Gb  data_init3.o [4]
__iar_lookup_ttioh      0x00001d9d     0x8  Code  Gb  XShttio.o [3]
__iar_program_start     0x00001d45          Code  Gb  cstartup_M.o [4]
__iar_ttio_handles      0x20000440     0x8  Data  Lc  XShttio.o [3]
__iar_zero_init3        0x00001bcd    0x28  Code  Gb  zero_init3.o [4]
__low_level_init        0x00001daf     0x4  Code  Gb  low_level_init.o [3]
__vector_table          0x00000000          Data  Gb  startup_NUCxxx_iar.o [1]
_call_main              0x00001c6d          Code  Gb  cmain.o [4]
_exit                   0x00001d51          Code  Gb  cexit.o [4]
_main                   0x00001c73          Code  Gb  cmain.o [4]
comRbuf                 0x20003ab0    0x40  Data  Gb  Smpl_DrvUART.o [1]
comRbytes               0x20003bcc     0x2  Data  Gb  Smpl_DrvUART.o [1]
comRhead                0x20003bce     0x2  Data  Gb  Smpl_DrvUART.o [1]
comRtail                0x20003bd0     0x2  Data  Gb  Smpl_DrvUART.o [1]
exit                    0x00001da5     0x6  Code  Gb  exit.o [3]
fputc                   0x00001afd     0xa  Code  Gb  retarget.o [1]
g_bWait                 0x2000044c     0x4  Data  Gb  Smpl_DrvUART.o [1]
heapSTRUCT_SIZE         0x00001db2     0x2  Data  Lc  heap_2.o [1]
main                    0x00001189    0x18  Code  Gb  main.o [1]
memcpy                  0x00001d1d     0xe  Code  Gb  queue.o [1]
memset                  0x00001cb5    0x14  Code  Gb  IntQueue.o [1]
obuf                    0x20003a60    0x50  Data  Lc  xfiles.o [3]
printf                  0x00001c41    0x20  Code  Gb  printf.o [3]
prvAllocateTCBAndStack  0x0000070d    0x4a  Code  Lc  tasks.o [1]
prvCheckTasksWaitingTermination
                        0x000006a1    0x64  Code  Lc  tasks.o [1]
prvCopyDataFromQueue    0x00000bc1    0x2a  Code  Lc  queue.o [1]
prvCopyDataToQueue      0x00000b57    0x6a  Code  Lc  queue.o [1]
prvDeleteTCB            0x00000757    0x12  Code  Lc  tasks.o [1]
prvIdleTask             0x000005e5    0x14  Code  Lc  tasks.o [1]
prvInitialiseTCBVariables
                        0x00000611    0x3c  Code  Lc  tasks.o [1]
prvInitialiseTaskLists  0x0000064d    0x44  Code  Lc  tasks.o [1]
prvIsQueueEmpty         0x00000c55    0x1e  Code  Lc  queue.o [1]
prvIsQueueFull          0x00000c73    0x20  Code  Lc  queue.o [1]
prvQueueAccessLogError  0x00000ce7     0xc  Code  Lc  IntQueue.o [1]
prvRecordValue_NormallyEmpty
                        0x00000cc7    0x20  Code  Lc  IntQueue.o [1]
prvRecordValue_NormallyFull
                        0x00000ca9    0x1e  Code  Lc  IntQueue.o [1]
prvSetupHardware        0x000011a1    0x6a  Code  Lc  main.o [1]
prvSetupTimerInterrupt  0x000017a3     0xe  Code  Lc  port.o [1]
prvUnlockQueue          0x00000beb    0x6a  Code  Lc  queue.o [1]
putchar                 0x00001d0d    0x10  Code  Gb  putchar.o [3]
pvPortMalloc            0x000015e5    0xd0  Code  Gb  heap_2.o [1]
pxCurrentTCB            0x20003b94     0x4  Data  Gb  tasks.o [1]
pxDelayedTaskList       0x20003b98     0x4  Data  Lc  tasks.o [1]
pxOverflowDelayedTaskList
                        0x20003b9c     0x4  Data  Lc  tasks.o [1]
pxPortInitialiseStack   0x00001709    0x1a  Code  Gb  port.o [1]
pxReadyTasksLists       0x200039e8    0x78  Data  Lc  tasks.o [1]
sBlockingConsumerCount  0x20003b54     0x8  Data  Lc  BlockQ.o [1]
sBlockingProducerCount  0x20003b5c     0x8  Data  Lc  BlockQ.o [1]
strlen                  0x00001cc9    0x14  Code  Gb  strlen.o [4]
strncpy                 0x00001bf5    0x26  Code  Gb  strncpy.o [4]
ucNormallyEmptyReceivedValues
                        0x20003858    0xc8  Data  Lc  IntQueue.o [1]
ucNormallyFullReceivedValues
                        0x20003920    0xc8  Data  Lc  IntQueue.o [1]
uxCriticalNesting       0x20000454     0x4  Data  Lc  port.o [1]
uxCurrentNumberOfTasks  0x20003ba4     0x4  Data  Lc  tasks.o [1]
uxMissedTicks           0x20003bbc     0x4  Data  Lc  tasks.o [1]
uxSchedulerSuspended    0x20003bb8     0x4  Data  Lc  tasks.o [1]
uxTaskNumber            0x20003bc8     0x4  Data  Lc  tasks.o [1]
uxTasksDeleted          0x20003ba0     0x4  Data  Lc  tasks.o [1]
uxTopReadyPriority      0x20003bb0     0x4  Data  Lc  tasks.o [1]
uxTopUsedPriority       0x20003bac     0x4  Data  Lc  tasks.o [1]
uxValueForNormallyEmptyQueue
                        0x20003b80     0x4  Data  Gb  IntQueue.o [1]
uxValueForNormallyFullQueue
                        0x20003b84     0x4  Data  Gb  IntQueue.o [1]
vBlockingQueueConsumer  0x00001121    0x40  Code  Lc  BlockQ.o [1]
vBlockingQueueProducer  0x000010e5    0x3c  Code  Lc  BlockQ.o [1]
vListInitialise         0x000017cd    0x1e  Code  Gb  list.o [1]
vListInitialiseItem     0x000017eb     0x6  Code  Gb  list.o [1]
vListInsert             0x0000180d    0x36  Code  Gb  list.o [1]
vListInsertEnd          0x000017f1    0x1c  Code  Gb  list.o [1]
vListRemove             0x00001843    0x26  Code  Gb  list.o [1]
vPortClearInterruptMask
                        0x000019cd          Code  Gb  portasm.o [1]
vPortEnterCritical      0x0000175d    0x12  Code  Gb  port.o [1]
vPortExitCritical       0x0000176f    0x1a  Code  Gb  port.o [1]
vPortFree               0x000016b5    0x3c  Code  Gb  heap_2.o [1]
vPortSetInterruptMask   0x000019c9          Code  Gb  portasm.o [1]
vPortStartFirstTask     0x000019d1          Code  Gb  portasm.o [1]
vPortYieldFromISR       0x00001753     0xa  Code  Gb  port.o [1]
vStartBlockingQueueTasks
                        0x00000fa1   0x144  Code  Gb  BlockQ.o [1]
vStartThreadTasks       0x00001869    0x40  Code  Gb  Thread_Test.o [1]
vTaskDelayUntil         0x000001ad    0x86  Code  Gb  tasks.o [1]
vTaskIncrementTick      0x00000379    0xa2  Code  Gb  tasks.o [1]
vTaskMissedYield        0x000005dd     0x8  Code  Gb  tasks.o [1]
vTaskPlaceOnEventList   0x00000489    0x62  Code  Gb  tasks.o [1]
vTaskPriorityDisinherit
                        0x000007d9    0x48  Code  Gb  tasks.o [1]
vTaskPriorityInherit    0x0000076f    0x6a  Code  Gb  tasks.o [1]
vTaskSetTimeOutState    0x00000567     0xe  Code  Gb  tasks.o [1]
vTaskStartScheduler     0x00000259    0x3c  Code  Gb  tasks.o [1]
vTaskSuspendAll         0x00000295     0xc  Code  Gb  tasks.o [1]
vTaskSwitchContext      0x0000042d    0x58  Code  Gb  tasks.o [1]
xDelayedTaskList1       0x20003af0    0x14  Data  Lc  tasks.o [1]
xDelayedTaskList2       0x20003b04    0x14  Data  Lc  tasks.o [1]
xEnd                    0x20003b6c     0x8  Data  Lc  heap_2.o [1]
xErrorLine              0x20003b7c     0x4  Data  Lc  IntQueue.o [1]
xErrorStatus            0x20000448     0x4  Data  Lc  IntQueue.o [1]
xFirstTimerHandler      0x00000d05    0xf0  Code  Gb  IntQueue.o [1]
xFreeBytesRemaining     0x20000450     0x4  Data  Lc  heap_2.o [1]
xHeap                   0x20000458  0x3400  Data  Lc  heap_2.o [1]
xMissedYield            0x20003bc0     0x4  Data  Lc  tasks.o [1]
xNormallyEmptyQueue     0x20003b74     0x4  Data  Lc  IntQueue.o [1]
xNormallyFullQueue      0x20003b78     0x4  Data  Lc  IntQueue.o [1]
xNumOfOverflows         0x20003bc4     0x4  Data  Lc  tasks.o [1]
xPendingReadyList       0x20003b18    0x14  Data  Lc  tasks.o [1]
xPortPendSVHandler      0x00001981          Code  Gb  portasm.o [1]
xPortStartScheduler     0x00001723    0x30  Code  Gb  port.o [1]
xPortSysTickHandler     0x00001789    0x1a  Code  Gb  port.o [1]
xQueueCreate            0x0000084d    0x72  Code  Gb  queue.o [1]
xQueueGenericReceive    0x000009eb   0x114  Code  Gb  queue.o [1]
xQueueGenericSend       0x000008bf    0xd2  Code  Gb  queue.o [1]
xQueueGenericSendFromISR
                        0x00000991    0x5a  Code  Gb  queue.o [1]
xQueueIsQueueFullFromISR
                        0x00000c93    0x14  Code  Gb  queue.o [1]
xQueueReceiveFromISR    0x00000aff    0x58  Code  Gb  queue.o [1]
xSchedulerRunning       0x20003bb4     0x4  Data  Lc  tasks.o [1]
xSecondTimerHandler     0x00000df9   0x18c  Code  Gb  IntQueue.o [1]
xStart                  0x20003b64     0x8  Data  Lc  heap_2.o [1]
xSuspendedTaskList      0x20003b40    0x14  Data  Lc  tasks.o [1]
xTaskCheckForTimeOut    0x0000057d    0x60  Code  Gb  tasks.o [1]
xTaskGenericCreate      0x000000c1    0xec  Code  Gb  tasks.o [1]
xTaskGetCurrentTaskHandle
                        0x00000769     0x6  Code  Gb  tasks.o [1]
xTaskGetTickCount       0x00000367    0x12  Code  Gb  tasks.o [1]
xTaskRemoveFromEventList
                        0x000004fd    0x6a  Code  Gb  tasks.o [1]
xTaskResumeAll          0x000002a9    0xbe  Code  Gb  tasks.o [1]
xTasksWaitingTermination
                        0x20003b2c    0x14  Data  Lc  tasks.o [1]
xTickCount              0x20003ba8     0x4  Data  Lc  tasks.o [1]


[1] = E:\FreeRTOS_Keil_IAR\FreeRTOS\Demo\CORTEX_NUC1xx_Keil_IAR\Debug\Obj
[2] = command line
[3] = dl6M_tl_if.a
[4] = rt6M_tl.a
[5] = shb_l.a

   7 424 bytes of readonly  code memory
     276 bytes of readonly  data memory
  15 314 bytes of readwrite data memory

Errors: none
Warnings: none
