<html>
<body>
<pre>
<h1>µVision Build Log</h1>
<h2>Tool Versions:</h2>
IDE-Version: µVision V5.38.0.0
Copyright (C) 2022 ARM Ltd and ARM Germany GmbH. All rights reserved.
License Information: Dima Plyasov, KPI, LIC=----
 
Tool Versions:
Toolchain:       MDK-Lite  Version: 5.38.0.0
Toolchain Path:  D:\AllProgs\MDK_ARM\Core\ARM\ARMCLANG\Bin
C Compiler:      ArmClang.exe V6.19
Assembler:       Armasm.exe V6.19
Linker/Locator:  ArmLink.exe V6.19
Library Manager: ArmAr.exe V6.19
Hex Converter:   FromElf.exe V6.19
CPU DLL:         SARMCM3.DLL V5.38.0.0
Dialog DLL:      DARMCM1.DLL V1.19.6.0
Target DLL:      UL2CM3.DLL V1.164.8.0
Dialog DLL:      TARMCM1.DLL V1.14.6.0
 
<h2>Project:</h2>
C:\Users\dimap\Desktop\git\arm\lab2\lab2.uvproj
Project File Date:  05/17/2023

<h2>Output:</h2>
*** Using Compiler 'V6.19', folder: 'D:\AllProgs\MDK_ARM\Core\ARM\ARMCLANG\Bin'
Build target 'Target 1'
"SystemInit.s", line 81: Warning: A1581W: Added 2 bytes of padding at address 0x5e
   81 00000060     END 
0 Errors, 1 Warning
assembling SystemInit.s...
assembling reg_def.s...
assembling __main.s...
assembling startup_NUC1xx.s...
linking...
Program Size: Code=576 RO-data=192 RW-data=0 ZI-data=1024  
".\lab2.axf" - 0 Error(s), 0 Warning(s).
Build Time Elapsed:  00:00:00
</pre>
</body>
</html>
