<html>
<body>
<pre>
<h1>µVision Build Log</h1>
<h2>Project:</h2>
C:\Users\Student_05\Desktop\RS-p21\git\arm\lab2\lab2.uvproj
Project File Date:  05/17/2023

<h2>Output:</h2>
Build target 'Target 1'
assembling __main.s...
linking...
Program Size: Code=576 RO-data=192 RW-data=0 ZI-data=1024  
".\lab2.axf" - 0 Error(s), 0 Warning(s).
Load "C:\\Users\\Student_05\\Desktop\\RS-p21\\git\\arm\\lab2\\lab2.axf" 
</pre>
</body>
</html>
5\\Desktop\\RS-p21\\git\\arm\\lab2\\lab2.axf" 
1\\git\\arm\\lab2\\lab2.axf" 
Load "C:\\Users\\Student_05\\Desktop\\RS-p21\\git\\arm\\lab2\\lab2.axf" 
