<html>
<body>
<pre>
<h1>µVision Build Log</h1>
<h2>Project:</h2>
C:\Users\Student_05\Desktop\RS-p21\git\arm\lab3\laba3.uvproj
Project File Date:  06/02/2023

<h2>Output:</h2>
Build target 'Target 1'
assembling main.s...
main.s(47): warning: A1865W: '#' not seen before constant expression
linking...
Program Size: Code=392 RO-data=192 RW-data=0 ZI-data=1024  
".\laba3.axf" - 0 Error(s), 1 Warning(s).
Load "C:\\Users\\Student_05\\Desktop\\RS-p21\\git\\arm\\lab3\\laba3.axf" 
</pre>
</body>
</html>
 - 0 Error(s), 2 Warning(s).
Load "C:\\Users\\Student_05\\Desktop\\RS-p21\\git\\arm\\lab3\\laba3.axf" 
