


ARM Macro Assembler    Page 1 


    1 00000000         ;AREA    |.text|, CODE, READONLY
    2 00000000         
    3 00000000         ;;;;;;;;;;;;;;;;;;;;;;;;;;;;;;;;;;;;;;;;;;;;;;;;;;;
    4 00000000 50004000 
                       GP_BA   EQU              0x50004000  ;
    5 00000000 50000000 
                       GCR_BA  EQU              0x50000000  ;
    6 00000000 40050000 
                       UART0_BA
                               EQU              0x40050000  ; 
    7 00000000 00000080 
                       GPIOC_PMD
                               EQU              0x080       ;  R/W  GPIO Port C
                                                             Pin I/O Mode Contr
                                                            ol  0xFFFF_FFFF
    8 00000000 00000084 
                       GPIOC_OFFD
                               EQU              0x084       ;  R/W  GPIO Port C
                                                             Pin Digital Input 
                                                            Path Disable Contro
                                                            l  0x0000_0000 
    9 00000000 00000088 
                       GPIOC_DOUT
                               EQU              0x088       ;  R/W  GPIO Port C
                                                             Data Output Value 
                                                             0x0000_FFFF
   10 00000000 0000008C 
                       GPIOC_DMASK
                               EQU              0x08C       ;  R/W  GPIO Port C
                                                             Data Output Write 
                                                            Mask  0x0000_0000 
   11 00000000 00000090 
                       GPIOC_PIN
                               EQU              0x090       ;  R    GPIO Port C
                                                             Pin Value  0x0000_
                                                            XXXX
   12 00000000 00000094 
                       GPIOC_DBEN
                               EQU              0x094       ;  R/W  GPIO Port C
                                                             De-bounce Enable  
                                                            0x0000_0000 
   13 00000000 00000098 
                       GPIOC_IMD
                               EQU              0x098       ;  R/W  GPIO Port C
                                                             Interrupt Mode Con
                                                            trol  0x0000_0000
   14 00000000 0000009C 
                       GPIOC_IEN
                               EQU              0x09C       ;  R/W  GPIO Port C
                                                             Interrupt Enable  
                                                            0x0000_0000 
   15 00000000 000000A0 
                       GPIOC_ISRC
                               EQU              0x0A0       ;  R/W  GPIO Port C
                                                             Interrupt Source F
                                                            lag  0xXXXX_XXXX
   16 00000000         
   17 00000000 00000034 
                       GPB_MFP EQU              0x34        ;



ARM Macro Assembler    Page 2 


   18 00000000 00000000 
                       UA_THR  EQU              0x00        ;
   19 00000000 00000000 
                       UA_RBR  EQU              0x00        ;
   20 00000000 0000000C 
                       UA_LCR  EQU              0x0C        ;
   21 00000000 00000024 
                       UA_BAUD EQU              0x24        ;
   22 00000000 00000030 
                       UA_FUN_SEL
                               EQU              0x30        ;
   23 00000000 00000018 
                       UA_FSR  EQU              0x18
   24 00000000 0000000C 
                       IPRSTC2 EQU              0x0C        ;
   25 00000000 00000008 
                       UA_FCR  EQU              0x08        ;
   26 00000000 00000020 
                       UA_TOR  EQU              0x20        ;
   27 00000000         
   28 00000000         
   29 00000000         
   30 00000000 50000200 
                       CLK_BA  EQU              0x50000200  ;
   31 00000000         ;PWRCON   EQU  0x00;  R/W  System Power Down Control Reg
                       ister  0x0000_001X
   32 00000000         ;AHBCLK   EQU  0x04;  R/W  AHB Devices Clock Enable Cont
                       rol Register  0x0000_000D
   33 00000000 00000008 
                       APBCLK  EQU              0x08        ;  R/W  APB Devices
                                                             Clock Enable Contr
                                                            ol Register  0x0000
                                                            _000X
   34 00000000 0000000C 
                       CLKSTATUS
                               EQU              0x0C        ;  R/W  Clock statu
                                                            s monitor Register 
                                                             0x0000_00XX
   35 00000000 00000010 
                       CLKSEL0 EQU              0x10        ;  R/W  Clock Sourc
                                                            e Select Control Re
                                                            gister 0  0x0000_00
                                                            3X
   36 00000000 00000014 
                       CLKSEL1 EQU              0x14        ;  R/W  Clock Sourc
                                                            e SelectControl Reg
                                                            ister 1  0xFFFF_FFF
                                                            F
   37 00000000 0000001C 
                       CLKSEL2 EQU              0x1C        ;  R/W  Clock Sourc
                                                            e Select Control Re
                                                            gister 2  0x0000_00
                                                            FF
   38 00000000 00000018 
                       CLKDIV  EQU              0x18        ;  R/W  Clock Divid
                                                            erNumber Register  
                                                            0x0000_0000 
   39 00000000 00000020 
                       PLLCON  EQU              0x20        ;  R/W  PLL Control



ARM Macro Assembler    Page 3 


                                                             Register  0x0005_C
                                                            22E
   40 00000000 00000024 
                       FRQDIV  EQU              0x24        ;  R/W  Frequency D
                                                            ivider Control Regi
                                                            ster  0x0000_0000
   41 00000000         
   42 00000000 E000E000 
                       SCS_BA  EQU              0xE000E000  ;
   43 00000000 00000010 
                       SYST_CSR
                               EQU              0x10        ;  R/W  SysTick Con
                                                            trol and Status Reg
                                                            ister  0x0000_0000
   44 00000000 00000014 
                       SYST_RVR
                               EQU              0x14        ;  R/W  SysTick Rel
                                                            oad value Register 
                                                             0xXXXX_XXXX
   45 00000000 00000018 
                       SYST_CVR
                               EQU              0x18        ;  R/W  SysTick Cur
                                                            rent value Register
                                                              0xXXXX_XXXX
   46 00000000         
   47 00000000         ;;;;;;;;;;;;;;;;;;;;;;;;;;;;;;;;;;;;;;;;;;;;;;;;;;;
   48 00000000         
   49 00000000                 END
Command Line: --debug --xref --cpu=Cortex-M0 --apcs=interwork --depend=.\reg_de
f.d -o.\reg_def.o -IC:\Keil_v5\ARM\RV31\INC -IC:\Keil_v5\ARM\PACK\ARM\CMSIS\4.1
.0\CMSIS\Include --predefine="__EVAL SETA 1" --list=.\reg_def.lst reg_def.s



ARM Macro Assembler    Page 1 Alphabetic symbol ordering
Absolute symbols

APBCLK 00000008

Symbol: APBCLK
   Definitions
      At line 33 in file reg_def.s
   Uses
      None
Comment: APBCLK unused
CLKDIV 00000018

Symbol: CLKDIV
   Definitions
      At line 38 in file reg_def.s
   Uses
      None
Comment: CLKDIV unused
CLKSEL0 00000010

Symbol: CLKSEL0
   Definitions
      At line 35 in file reg_def.s
   Uses
      None
Comment: CLKSEL0 unused
CLKSEL1 00000014

Symbol: CLKSEL1
   Definitions
      At line 36 in file reg_def.s
   Uses
      None
Comment: CLKSEL1 unused
CLKSEL2 0000001C

Symbol: CLKSEL2
   Definitions
      At line 37 in file reg_def.s
   Uses
      None
Comment: CLKSEL2 unused
CLKSTATUS 0000000C

Symbol: CLKSTATUS
   Definitions
      At line 34 in file reg_def.s
   Uses
      None
Comment: CLKSTATUS unused
CLK_BA 50000200

Symbol: CLK_BA
   Definitions
      At line 30 in file reg_def.s
   Uses
      None
Comment: CLK_BA unused
FRQDIV 00000024

Symbol: FRQDIV



ARM Macro Assembler    Page 2 Alphabetic symbol ordering
Absolute symbols

   Definitions
      At line 40 in file reg_def.s
   Uses
      None
Comment: FRQDIV unused
GCR_BA 50000000

Symbol: GCR_BA
   Definitions
      At line 5 in file reg_def.s
   Uses
      None
Comment: GCR_BA unused
GPB_MFP 00000034

Symbol: GPB_MFP
   Definitions
      At line 17 in file reg_def.s
   Uses
      None
Comment: GPB_MFP unused
GPIOC_DBEN 00000094

Symbol: GPIOC_DBEN
   Definitions
      At line 12 in file reg_def.s
   Uses
      None
Comment: GPIOC_DBEN unused
GPIOC_DMASK 0000008C

Symbol: GPIOC_DMASK
   Definitions
      At line 10 in file reg_def.s
   Uses
      None
Comment: GPIOC_DMASK unused
GPIOC_DOUT 00000088

Symbol: GPIOC_DOUT
   Definitions
      At line 9 in file reg_def.s
   Uses
      None
Comment: GPIOC_DOUT unused
GPIOC_IEN 0000009C

Symbol: GPIOC_IEN
   Definitions
      At line 14 in file reg_def.s
   Uses
      None
Comment: GPIOC_IEN unused
GPIOC_IMD 00000098

Symbol: GPIOC_IMD
   Definitions
      At line 13 in file reg_def.s
   Uses



ARM Macro Assembler    Page 3 Alphabetic symbol ordering
Absolute symbols

      None
Comment: GPIOC_IMD unused
GPIOC_ISRC 000000A0

Symbol: GPIOC_ISRC
   Definitions
      At line 15 in file reg_def.s
   Uses
      None
Comment: GPIOC_ISRC unused
GPIOC_OFFD 00000084

Symbol: GPIOC_OFFD
   Definitions
      At line 8 in file reg_def.s
   Uses
      None
Comment: GPIOC_OFFD unused
GPIOC_PIN 00000090

Symbol: GPIOC_PIN
   Definitions
      At line 11 in file reg_def.s
   Uses
      None
Comment: GPIOC_PIN unused
GPIOC_PMD 00000080

Symbol: GPIOC_PMD
   Definitions
      At line 7 in file reg_def.s
   Uses
      None
Comment: GPIOC_PMD unused
GP_BA 50004000

Symbol: GP_BA
   Definitions
      At line 4 in file reg_def.s
   Uses
      None
Comment: GP_BA unused
IPRSTC2 0000000C

Symbol: IPRSTC2
   Definitions
      At line 24 in file reg_def.s
   Uses
      None
Comment: IPRSTC2 unused
PLLCON 00000020

Symbol: PLLCON
   Definitions
      At line 39 in file reg_def.s
   Uses
      None
Comment: PLLCON unused
SCS_BA E000E000



ARM Macro Assembler    Page 4 Alphabetic symbol ordering
Absolute symbols


Symbol: SCS_BA
   Definitions
      At line 42 in file reg_def.s
   Uses
      None
Comment: SCS_BA unused
SYST_CSR 00000010

Symbol: SYST_CSR
   Definitions
      At line 43 in file reg_def.s
   Uses
      None
Comment: SYST_CSR unused
SYST_CVR 00000018

Symbol: SYST_CVR
   Definitions
      At line 45 in file reg_def.s
   Uses
      None
Comment: SYST_CVR unused
SYST_RVR 00000014

Symbol: SYST_RVR
   Definitions
      At line 44 in file reg_def.s
   Uses
      None
Comment: SYST_RVR unused
UART0_BA 40050000

Symbol: UART0_BA
   Definitions
      At line 6 in file reg_def.s
   Uses
      None
Comment: UART0_BA unused
UA_BAUD 00000024

Symbol: UA_BAUD
   Definitions
      At line 21 in file reg_def.s
   Uses
      None
Comment: UA_BAUD unused
UA_FCR 00000008

Symbol: UA_FCR
   Definitions
      At line 25 in file reg_def.s
   Uses
      None
Comment: UA_FCR unused
UA_FSR 00000018

Symbol: UA_FSR
   Definitions



ARM Macro Assembler    Page 5 Alphabetic symbol ordering
Absolute symbols

      At line 23 in file reg_def.s
   Uses
      None
Comment: UA_FSR unused
UA_FUN_SEL 00000030

Symbol: UA_FUN_SEL
   Definitions
      At line 22 in file reg_def.s
   Uses
      None
Comment: UA_FUN_SEL unused
UA_LCR 0000000C

Symbol: UA_LCR
   Definitions
      At line 20 in file reg_def.s
   Uses
      None
Comment: UA_LCR unused
UA_RBR 00000000

Symbol: UA_RBR
   Definitions
      At line 19 in file reg_def.s
   Uses
      None
Comment: UA_RBR unused
UA_THR 00000000

Symbol: UA_THR
   Definitions
      At line 18 in file reg_def.s
   Uses
      None
Comment: UA_THR unused
UA_TOR 00000020

Symbol: UA_TOR
   Definitions
      At line 26 in file reg_def.s
   Uses
      None
Comment: UA_TOR unused
35 symbols
366 symbols in table
