ARM Linker, RVCT4.0 [Build 524] for uVision [Evaluation]

==============================================================================

Small function inlining results

Inlined function __aeabi_idiv0 from object aeabi_idiv0.o at offset 0x154 in section .text from object aeabi_sdiv.o.
Inlined Instruction: BX       lr
Inlined function __aeabi_idiv0 from object aeabi_idiv0.o at offset 0x154 in section .text from object aeabi_sdiv_div0.o.
Inlined Instruction: BX       lr
Inlined function _platform_pre_stackheap_init from object boardinit1.o at offset 0x0 in section .ARM.Collect$$rtentry$$00000001 from object rtentry2.o.
Inlined Instruction: BX       lr
Inlined function _fp_init from object fpinit.o at offset 0x2 in section .ARM.Collect$$libinit$$00000000 from object libinit.o.
Inlined Instruction: BX       lr
Inlined function _platform_pre_lib_shutdown from object boardshut.o at offset 0x0 in section .ARM.Collect$$rtexit$$00000001 from object rtexit2.o.
Inlined Instruction: BX       lr
Inlined function __ARM_get_argv from object no_argv.o at offset 0x2 in section .text from object argv_veneer.o.
Inlined Instruction: BX       lr
Inlined total of 6 calls.

==============================================================================

Removing Unused input sections from the image.

    Removing app.o(i.App_TaskDelHook), (2 bytes).
    Removing bsp.o(i.BSP_CPU_ClkFreq), (2 bytes).
    Removing bsp.o(i.BSP_Init), (2 bytes).
    Removing bsp.o(i.BSP_IntEn), (2 bytes).
    Removing bsp.o(i.BSP_IntVectSet), (20 bytes).
    Removing bsp.o(.bss), (96 bytes).
    Removing bsp.o(.constdata), (256 bytes).
    Removing drvuart.o(i.DrvUART_ClearInt), (52 bytes).
    Removing drvuart.o(i.DrvUART_Close), (88 bytes).
    Removing drvuart.o(i.DrvUART_DisableInt), (92 bytes).
    Removing drvuart.o(i.DrvUART_EnableInt), (204 bytes).
    Removing drvuart.o(i.DrvUART_GetCTS), (36 bytes).
    Removing drvuart.o(i.DrvUART_GetIntStatus), (92 bytes).
    Removing drvuart.o(i.DrvUART_GetVersion), (8 bytes).
    Removing drvuart.o(i.DrvUART_IsIntEnabled), (32 bytes).
    Removing drvuart.o(i.DrvUART_OpenIRCR), (160 bytes).
    Removing drvuart.o(i.DrvUART_OpenLIN), (112 bytes).
    Removing drvuart.o(i.DrvUART_Read), (96 bytes).
    Removing drvuart.o(i.DrvUART_SetFIFOTriggerLevel), (36 bytes).
    Removing drvuart.o(i.DrvUART_SetPDMA), (60 bytes).
    Removing drvuart.o(i.DrvUART_SetRTS), (36 bytes).
    Removing drvuart.o(i.DrvUART_SetRxTimeOut), (32 bytes).
    Removing drvuart.o(i.DrvUART_Write), (96 bytes).
    Removing drvuart.o(i.DrvUART_kbhit), (16 bytes).
    Removing drvuart.o(i.NVIC_DisableIRQ), (24 bytes).
    Removing drvuart.o(i.NVIC_EnableIRQ), (24 bytes).
    Removing retarget.o(i.GetChar), (20 bytes).
    Removing retarget.o(i._ttywrch), (8 bytes).
    Removing retarget.o(i.ferror), (6 bytes).
    Removing retarget.o(i.fgetc), (8 bytes).
    Removing retarget.o(.data), (4 bytes).
    Removing drvgpio.o(i.DrvGPIO_Close), (52 bytes).
    Removing drvgpio.o(i.DrvGPIO_ClrBit), (44 bytes).
    Removing drvgpio.o(i.DrvGPIO_ClrBitMask), (24 bytes).
    Removing drvgpio.o(i.DrvGPIO_DisableDebounce), (36 bytes).
    Removing drvgpio.o(i.DrvGPIO_DisableEINT0), (28 bytes).
    Removing drvgpio.o(i.DrvGPIO_DisableEINT1), (28 bytes).
    Removing drvgpio.o(i.DrvGPIO_DisableInt), (44 bytes).
    Removing drvgpio.o(i.DrvGPIO_EnableDebounce), (36 bytes).
    Removing drvgpio.o(i.DrvGPIO_EnableEINT0), (56 bytes).
    Removing drvgpio.o(i.DrvGPIO_EnableEINT1), (56 bytes).
    Removing drvgpio.o(i.DrvGPIO_EnableInt), (144 bytes).
    Removing drvgpio.o(i.DrvGPIO_GetBit), (40 bytes).
    Removing drvgpio.o(i.DrvGPIO_GetDebounceTime), (16 bytes).
    Removing drvgpio.o(i.DrvGPIO_GetDoutBit), (40 bytes).
    Removing drvgpio.o(i.DrvGPIO_GetIntStatus), (64 bytes).
    Removing drvgpio.o(i.DrvGPIO_GetPortBits), (28 bytes).
    Removing drvgpio.o(i.DrvGPIO_GetPortDoutBits), (28 bytes).
    Removing drvgpio.o(i.DrvGPIO_GetVersion), (8 bytes).
    Removing drvgpio.o(i.DrvGPIO_Open), (104 bytes).
    Removing drvgpio.o(i.DrvGPIO_ReadPortMask), (16 bytes).
    Removing drvgpio.o(i.DrvGPIO_SetBit), (92 bytes).
    Removing drvgpio.o(i.DrvGPIO_SetBitMask), (24 bytes).
    Removing drvgpio.o(i.DrvGPIO_SetDebounceTime), (44 bytes).
    Removing drvgpio.o(i.DrvGPIO_SetIntCallback), (12 bytes).
    Removing drvgpio.o(i.DrvGPIO_SetPortBits), (84 bytes).
    Removing drvgpio.o(i.DrvGPIO_SetPortMask), (28 bytes).
    Removing drvgpio.o(i.NVIC_DisableIRQ), (24 bytes).
    Removing drvgpio.o(i.NVIC_EnableIRQ), (24 bytes).
    Removing drvgpio.o(i.NVIC_SetPriority), (68 bytes).
    Removing drvsys.o(i.DrvSYS_ClearRstSrc), (10 bytes).
    Removing drvsys.o(i.DrvSYS_EnableBODLowPowerMode), (20 bytes).
    Removing drvsys.o(i.DrvSYS_EnableBODRst), (48 bytes).
    Removing drvsys.o(i.DrvSYS_EnableLowVoltRst), (20 bytes).
    Removing drvsys.o(i.DrvSYS_EnablePWRWUInt), (72 bytes).
    Removing drvsys.o(i.DrvSYS_EnablePowerDown), (24 bytes).
    Removing drvsys.o(i.DrvSYS_EnableTempatureSensor), (22 bytes).
    Removing drvsys.o(i.DrvSYS_GetBODState), (12 bytes).
    Removing drvsys.o(i.DrvSYS_GetHCLK), (88 bytes).
    Removing drvsys.o(i.DrvSYS_GetPllContent), (72 bytes).
    Removing drvsys.o(i.DrvSYS_GetRstSrc), (8 bytes).
    Removing drvsys.o(i.DrvSYS_GetVersion), (8 bytes).
    Removing drvsys.o(i.DrvSYS_LockKeyAddr), (28 bytes).
    Removing drvsys.o(i.DrvSYS_Open), (104 bytes).
    Removing drvsys.o(i.DrvSYS_ReadProductID), (8 bytes).
    Removing drvsys.o(i.DrvSYS_ResetCPU), (14 bytes).
    Removing drvsys.o(i.DrvSYS_ResetChip), (14 bytes).
    Removing drvsys.o(i.DrvSYS_ResetIP), (42 bytes).
    Removing drvsys.o(i.DrvSYS_SelectBODVolt), (20 bytes).
    Removing drvsys.o(i.DrvSYS_SetClockDivider), (108 bytes).
    Removing drvsys.o(i.DrvSYS_SetHCLKSource), (36 bytes).
    Removing drvsys.o(i.DrvSYS_SetIPClock), (68 bytes).
    Removing drvsys.o(i.DrvSYS_SetIPClockSource), (168 bytes).
    Removing drvsys.o(i.DrvSYS_SetOscCtrl), (84 bytes).
    Removing drvsys.o(i.DrvSYS_SetPLLPowerDown), (24 bytes).
    Removing drvsys.o(i.DrvSYS_SetPORDisCode), (8 bytes).
    Removing drvsys.o(i.DrvSYS_SetPllSrc), (24 bytes).
    Removing drvsys.o(i.DrvSYS_SetPowerDownWaitCPU), (24 bytes).
    Removing drvsys.o(i.DrvSYS_SetRCAdjValue), (12 bytes).
    Removing drvsys.o(i.DrvSYS_SetSysTickSource), (40 bytes).
    Removing drvsys.o(i.DrvSYS_UnlockKeyAddr), (40 bytes).
    Removing drvsys.o(i.NVIC_DisableIRQ), (24 bytes).
    Removing drvsys.o(i.NVIC_EnableIRQ), (24 bytes).
    Removing smpl_drvuart.o(i.OS_UART_HANDLE), (236 bytes).
    Removing smpl_drvuart.o(i.UART_INT_HANDLE), (204 bytes).
    Removing smpl_drvuart.o(.bss), (64 bytes).
    Removing smpl_drvuart.o(.data), (12 bytes).
    Removing cpu_a.o(.text), (22 bytes).
    Removing core_cm0.o(.emb_text), (32 bytes).
    Removing system_nuc100.o(i.SystemInit), (2 bytes).
    Removing ucos_ii.o(i.OSEventNameGet), (84 bytes).
    Removing ucos_ii.o(i.OSEventPendMulti), (464 bytes).
    Removing ucos_ii.o(i.OSFlagAccept), (150 bytes).
    Removing ucos_ii.o(i.OSFlagCreate), (76 bytes).
    Removing ucos_ii.o(i.OSFlagDel), (172 bytes).
    Removing ucos_ii.o(i.OSFlagNameGet), (76 bytes).
    Removing ucos_ii.o(i.OSFlagNameSet), (88 bytes).
    Removing ucos_ii.o(i.OSFlagPend), (336 bytes).
    Removing ucos_ii.o(i.OSFlagPendGetFlagsRdy), (24 bytes).
    Removing ucos_ii.o(i.OSFlagPost), (182 bytes).
    Removing ucos_ii.o(i.OSFlagQuery), (38 bytes).
    Removing ucos_ii.o(i.OSIntEnter), (24 bytes).
    Removing ucos_ii.o(i.OSMboxAccept), (32 bytes).
    Removing ucos_ii.o(i.OSMboxCreate), (68 bytes).
    Removing ucos_ii.o(i.OSMboxDel), (180 bytes).
    Removing ucos_ii.o(i.OSMboxPend), (188 bytes).
    Removing ucos_ii.o(i.OSMboxPendAbort), (106 bytes).
    Removing ucos_ii.o(i.OSMboxPost), (80 bytes).
    Removing ucos_ii.o(i.OSMboxPostOpt), (110 bytes).
    Removing ucos_ii.o(i.OSMboxQuery), (60 bytes).
    Removing ucos_ii.o(i.OSMemCreate), (92 bytes).
    Removing ucos_ii.o(i.OSMemGet), (50 bytes).
    Removing ucos_ii.o(i.OSMemNameGet), (60 bytes).
    Removing ucos_ii.o(i.OSMemNameSet), (72 bytes).
    Removing ucos_ii.o(i.OSMemPut), (46 bytes).
    Removing ucos_ii.o(i.OSMemQuery), (46 bytes).
    Removing ucos_ii.o(i.OSMutexAccept), (112 bytes).
    Removing ucos_ii.o(i.OSMutexDel), (228 bytes).
    Removing ucos_ii.o(i.OSMutexQuery), (92 bytes).
    Removing ucos_ii.o(i.OSQAccept), (76 bytes).
    Removing ucos_ii.o(i.OSQCreate), (120 bytes).
    Removing ucos_ii.o(i.OSQDel), (196 bytes).
    Removing ucos_ii.o(i.OSQFlush), (28 bytes).
    Removing ucos_ii.o(i.OSQPend), (216 bytes).
    Removing ucos_ii.o(i.OSQPendAbort), (106 bytes).
    Removing ucos_ii.o(i.OSQPost), (108 bytes).
    Removing ucos_ii.o(i.OSQPostFront), (106 bytes).
    Removing ucos_ii.o(i.OSQPostOpt), (162 bytes).
    Removing ucos_ii.o(i.OSQQuery), (80 bytes).
    Removing ucos_ii.o(i.OSSchedLock), (40 bytes).
    Removing ucos_ii.o(i.OSSchedUnlock), (56 bytes).
    Removing ucos_ii.o(i.OSSemAccept), (36 bytes).
    Removing ucos_ii.o(i.OSSemDel), (180 bytes).
    Removing ucos_ii.o(i.OSSemPendAbort), (106 bytes).
    Removing ucos_ii.o(i.OSSemQuery), (60 bytes).
    Removing ucos_ii.o(i.OSSemSet), (54 bytes).
    Removing ucos_ii.o(i.OSStatInit), (52 bytes).
    Removing ucos_ii.o(i.OSTaskChangePrio), (332 bytes).
    Removing ucos_ii.o(i.OSTaskDel), (272 bytes).
    Removing ucos_ii.o(i.OSTaskDelReq), (92 bytes).
    Removing ucos_ii.o(i.OSTaskNameGet), (96 bytes).
    Removing ucos_ii.o(i.OSTaskQuery), (84 bytes).
    Removing ucos_ii.o(i.OSTaskResume), (132 bytes).
    Removing ucos_ii.o(i.OSTimeDlyHMSM), (100 bytes).
    Removing ucos_ii.o(i.OSTimeDlyResume), (136 bytes).
    Removing ucos_ii.o(i.OSTimeGet), (24 bytes).
    Removing ucos_ii.o(i.OSTimeSet), (24 bytes).
    Removing ucos_ii.o(i.OSTmrCreate), (156 bytes).
    Removing ucos_ii.o(i.OSTmrDel), (100 bytes).
    Removing ucos_ii.o(i.OSTmrNameGet), (100 bytes).
    Removing ucos_ii.o(i.OSTmrRemainGet), (132 bytes).
    Removing ucos_ii.o(i.OSTmrStart), (104 bytes).
    Removing ucos_ii.o(i.OSTmrStateGet), (76 bytes).
    Removing ucos_ii.o(i.OSTmrStop), (152 bytes).
    Removing ucos_ii.o(i.OSTmr_Free), (52 bytes).
    Removing ucos_ii.o(i.OSVersion), (6 bytes).
    Removing ucos_ii.o(i.OS_Dummy), (2 bytes).
    Removing ucos_ii.o(i.OS_EventTaskWaitMulti), (92 bytes).
    Removing ucos_ii.o(i.OS_FlagBlock), (96 bytes).
    Removing ucos_ii.o(i.OS_FlagTaskRdy), (72 bytes).
    Removing ucos_ii.o(i.OS_FlagUnlink), (36 bytes).
    Removing ucos_ii.o(i.OS_MemCopy), (20 bytes).
    Removing os_dbg.o(.constdata), (2 bytes).
    Removing os_cpu_c.o(i.OSTaskDelHook), (8 bytes).
    Removing os_cpu_c.o(i.OS_CPU_ExceptStkChk), (28 bytes).

175 unused section(s) (total 12548 bytes) removed from the image.

==============================================================================

Image Symbol Table

    Local Symbols

    Symbol Name                              Value     Ov Type        Size  Object(Section)

    RESET                                    0x00000000   Section      192  startup_nuc100.o(RESET)
    ../../angel/boardlib.s                   0x00000000   Number         0  boardinit3.o ABSOLUTE
    ../../angel/boardlib.s                   0x00000000   Number         0  boardshut.o ABSOLUTE
    ../../angel/boardlib.s                   0x00000000   Number         0  boardinit2.o ABSOLUTE
    ../../angel/boardlib.s                   0x00000000   Number         0  boardinit1.o ABSOLUTE
    ../../angel/handlers.s                   0x00000000   Number         0  __scatter_copy.o ABSOLUTE
    ../../angel/handlers.s                   0x00000000   Number         0  __scatter_zi.o ABSOLUTE
    ../../angel/kernel.s                     0x00000000   Number         0  rtexit.o ABSOLUTE
    ../../angel/kernel.s                     0x00000000   Number         0  rtentry2.o ABSOLUTE
    ../../angel/kernel.s                     0x00000000   Number         0  rtexit2.o ABSOLUTE
    ../../angel/kernel.s                     0x00000000   Number         0  rtentry.o ABSOLUTE
    ../../angel/kernel.s                     0x00000000   Number         0  rtentry4.o ABSOLUTE
    ../../angel/rt.s                         0x00000000   Number         0  rt_raise.o ABSOLUTE
    ../../angel/rt.s                         0x00000000   Number         0  aeabi_idiv0.o ABSOLUTE
    ../../angel/rt.s                         0x00000000   Number         0  aeabi_idiv0_sigfpe.o ABSOLUTE
    ../../angel/rt.s                         0x00000000   Number         0  rt_div0.o ABSOLUTE
    ../../angel/scatterp.s                   0x00000000   Number         0  __scatter.o ABSOLUTE
    ../../angel/startup.s                    0x00000000   Number         0  __main.o ABSOLUTE
    ../../angel/sys.s                        0x00000000   Number         0  tempstk.o ABSOLUTE
    ../../angel/sys.s                        0x00000000   Number         0  libspace.o ABSOLUTE
    ../../angel/sys.s                        0x00000000   Number         0  sys_stackheap_outer.o ABSOLUTE
    ../../angel/sys.s                        0x00000000   Number         0  use_no_semi.o ABSOLUTE
    ../../angel/sys.s                        0x00000000   Number         0  sys_exit.o ABSOLUTE
    ../../angel/sysapp.c                     0x00000000   Number         0  sys_command.o ABSOLUTE
    ../../armsys.c                           0x00000000   Number         0  no_argv.o ABSOLUTE
    ../../armsys.c                           0x00000000   Number         0  _get_argv_nomalloc.o ABSOLUTE
    ../../armsys.c                           0x00000000   Number         0  argv_veneer.o ABSOLUTE
    ../../cfplib/fpinit.c                    0x00000000   Number         0  fpinit.o ABSOLUTE
    ../../division.c                         0x00000000   Number         0  rtudiv10.o ABSOLUTE
    ../../division.s                         0x00000000   Number         0  aeabi_sdiv_div0.o ABSOLUTE
    ../../division.s                         0x00000000   Number         0  aeabi_sdiv.o ABSOLUTE
    ../../heapalloc.c                        0x00000000   Number         0  hrguard.o ABSOLUTE
    ../../heapaux.c                          0x00000000   Number         0  heapauxi.o ABSOLUTE
    ../../libinit.s                          0x00000000   Number         0  libshutdown2.o ABSOLUTE
    ../../libinit.s                          0x00000000   Number         0  libshutdown.o ABSOLUTE
    ../../libinit.s                          0x00000000   Number         0  libinit.o ABSOLUTE
    ../../libinit.s                          0x00000000   Number         0  libinit2.o ABSOLUTE
    ../../misc.s                             0x00000000   Number         0  printf_stubs.o ABSOLUTE
    ../../printf.c                           0x00000000   Number         0  __printf_nopercent.o ABSOLUTE
    ../../printf.c                           0x00000000   Number         0  __printf.o ABSOLUTE
    ../../printf.c                           0x00000000   Number         0  _printf_str.o ABSOLUTE
    ../../printf.c                           0x00000000   Number         0  _printf_char_common.o ABSOLUTE
    ../../printf.c                           0x00000000   Number         0  _printf_intcommon.o ABSOLUTE
    ../../printf.c                           0x00000000   Number         0  __printf_flags.o ABSOLUTE
    ../../printf.c                           0x00000000   Number         0  _printf_char.o ABSOLUTE
    ../../printf.c                           0x00000000   Number         0  __printf_ss_wp.o ABSOLUTE
    ../../printf.c                           0x00000000   Number         0  _printf_dec.o ABSOLUTE
    ../../printf.c                           0x00000000   Number         0  __printf_flags_wp.o ABSOLUTE
    ../../printf.c                           0x00000000   Number         0  __printf_flags_ss.o ABSOLUTE
    ../../printf.c                           0x00000000   Number         0  __printf_wp.o ABSOLUTE
    ../../printf.c                           0x00000000   Number         0  noretval__2printf.o ABSOLUTE
    ../../printf.c                           0x00000000   Number         0  __printf_ss.o ABSOLUTE
    ../../printf.c                           0x00000000   Number         0  __printf_flags_ss_wp.o ABSOLUTE
    ../../printf.c                           0x00000000   Number         0  __2printf.o ABSOLUTE
    ../../printf_percent.s                   0x00000000   Number         0  _printf_c.o ABSOLUTE
    ../../printf_percent.s                   0x00000000   Number         0  _printf_percent_end.o ABSOLUTE
    ../../printf_percent.s                   0x00000000   Number         0  _printf_percent.o ABSOLUTE
    ../../printf_percent.s                   0x00000000   Number         0  _printf_d.o ABSOLUTE
    ../../signal.c                           0x00000000   Number         0  defsig_rtmem_inner.o ABSOLUTE
    ../../signal.c                           0x00000000   Number         0  defsig_rtred_inner.o ABSOLUTE
    ../../signal.c                           0x00000000   Number         0  defsig_abrt_inner.o ABSOLUTE
    ../../signal.c                           0x00000000   Number         0  defsig_fpe_formal.o ABSOLUTE
    ../../signal.c                           0x00000000   Number         0  defsig_fpe_outer.o ABSOLUTE
    ../../signal.c                           0x00000000   Number         0  defsig_general.o ABSOLUTE
    ../../signal.c                           0x00000000   Number         0  defsig_rtmem_formal.o ABSOLUTE
    ../../signal.c                           0x00000000   Number         0  defsig_other.o ABSOLUTE
    ../../signal.c                           0x00000000   Number         0  defsig_segv_inner.o ABSOLUTE
    ../../signal.c                           0x00000000   Number         0  defsig_cppl_inner.o ABSOLUTE
    ../../signal.c                           0x00000000   Number         0  __raise.o ABSOLUTE
    ../../signal.c                           0x00000000   Number         0  defsig_pvfn_inner.o ABSOLUTE
    ../../signal.c                           0x00000000   Number         0  defsig_stak_inner.o ABSOLUTE
    ../../signal.c                           0x00000000   Number         0  defsig_exit.o ABSOLUTE
    ../../signal.c                           0x00000000   Number         0  defsig_rtmem_outer.o ABSOLUTE
    ../../signal.c                           0x00000000   Number         0  defsig_fpe_inner.o ABSOLUTE
    ../../signal.s                           0x00000000   Number         0  defsig.o ABSOLUTE
    ../../stdlib.c                           0x00000000   Number         0  exit.o ABSOLUTE
    ..\..\..\..\..\uC-CPU\ARM-Cortex-M0\RealView\cpu_a.asm 0x00000000   Number         0  cpu_a.o ABSOLUTE
    ..\..\..\..\..\uCOS-II\Ports\ARM-Cortex-M0\RealView\os_cpu_a.asm 0x00000000   Number         0  os_cpu_a.o ABSOLUTE
    ..\..\..\..\..\uCOS-II\Ports\ARM-Cortex-M0\RealView\os_cpu_c.c 0x00000000   Number         0  os_cpu_c.o ABSOLUTE
    ..\..\..\..\..\uCOS-II\Ports\ARM-Cortex-M0\RealView\os_dbg.c 0x00000000   Number         0  os_dbg.o ABSOLUTE
    ..\..\..\..\..\uCOS-II\Source\ucos_ii.c  0x00000000   Number         0  ucos_ii.o ABSOLUTE
    ..\..\..\..\NUC1XX_BSP\CMSIS\CM0\core_cm0.c 0x00000000   Number         0  core_cm0.o ABSOLUTE
    ..\..\..\..\NUC1XX_BSP\CMSIS\CM0\system_NUC100.c 0x00000000   Number         0  system_nuc100.o ABSOLUTE
    ..\..\..\..\NUC1XX_BSP\NuvotonPlatform_Keil\Sample\Driver\Smpl_DrvUART\Smpl_DrvUART.c 0x00000000   Number         0  smpl_drvuart.o ABSOLUTE
    ..\..\..\..\NUC1XX_BSP\NuvotonPlatform_Keil\Src\Driver\DrvGPIO.c 0x00000000   Number         0  drvgpio.o ABSOLUTE
    ..\..\..\..\NUC1XX_BSP\NuvotonPlatform_Keil\Src\Driver\DrvSYS.c 0x00000000   Number         0  drvsys.o ABSOLUTE
    ..\..\..\..\NUC1XX_BSP\NuvotonPlatform_Keil\Src\Driver\DrvUART.c 0x00000000   Number         0  drvuart.o ABSOLUTE
    ..\..\..\..\NUC1XX_BSP\NuvotonPlatform_Keil\Src\Driver\retarget.c 0x00000000   Number         0  retarget.o ABSOLUTE
    ..\BSP\bsp.c                             0x00000000   Number         0  bsp.o ABSOLUTE
    ..\BSP\startup_NUC100.s                  0x00000000   Number         0  startup_nuc100.o ABSOLUTE
    ..\\..\\..\\..\\NUC1XX_BSP\\CMSIS\\CM0\\core_cm0.c 0x00000000   Number         0  core_cm0.o ABSOLUTE
    app.c                                    0x00000000   Number         0  app.o ABSOLUTE
    !!!main                                  0x000000c0   Section        8  __main.o(!!!main)
    !!!scatter                               0x000000c8   Section       60  __scatter.o(!!!scatter)
    !!handler_copy                           0x00000104   Section       26  __scatter_copy.o(!!handler_copy)
    !!handler_zi                             0x00000120   Section       28  __scatter_zi.o(!!handler_zi)
    .ARM.Collect$$_printf_percent$$00000000  0x0000013c   Section        2  _printf_percent.o(.ARM.Collect$$_printf_percent$$00000000)
    .ARM.Collect$$_printf_percent$$00000009  0x0000013e   Section       10  _printf_d.o(.ARM.Collect$$_printf_percent$$00000009)
    .ARM.Collect$$_printf_percent$$00000017  0x00000148   Section        4  _printf_percent_end.o(.ARM.Collect$$_printf_percent$$00000017)
    .ARM.Collect$$libinit$$00000000          0x0000014c   Section        6  libinit.o(.ARM.Collect$$libinit$$00000000)
    .ARM.Collect$$libinit$$00000006          0x00000152   Section        0  libinit2.o(.ARM.Collect$$libinit$$00000006)
    .ARM.Collect$$libinit$$00000008          0x00000152   Section        0  libinit2.o(.ARM.Collect$$libinit$$00000008)
    .ARM.Collect$$libinit$$0000000A          0x00000152   Section        0  libinit2.o(.ARM.Collect$$libinit$$0000000A)
    .ARM.Collect$$libinit$$0000000D          0x00000152   Section        0  libinit2.o(.ARM.Collect$$libinit$$0000000D)
    .ARM.Collect$$libinit$$0000000F          0x00000152   Section        0  libinit2.o(.ARM.Collect$$libinit$$0000000F)
    .ARM.Collect$$libinit$$00000011          0x00000152   Section        0  libinit2.o(.ARM.Collect$$libinit$$00000011)
    .ARM.Collect$$libinit$$00000013          0x00000152   Section        0  libinit2.o(.ARM.Collect$$libinit$$00000013)
    .ARM.Collect$$libinit$$00000015          0x00000152   Section        0  libinit2.o(.ARM.Collect$$libinit$$00000015)
    .ARM.Collect$$libinit$$00000017          0x00000152   Section        0  libinit2.o(.ARM.Collect$$libinit$$00000017)
    .ARM.Collect$$libinit$$00000019          0x00000152   Section        0  libinit2.o(.ARM.Collect$$libinit$$00000019)
    .ARM.Collect$$libinit$$0000001B          0x00000152   Section        0  libinit2.o(.ARM.Collect$$libinit$$0000001B)
    .ARM.Collect$$libinit$$0000001D          0x00000152   Section        0  libinit2.o(.ARM.Collect$$libinit$$0000001D)
    .ARM.Collect$$libinit$$0000001F          0x00000152   Section        0  libinit2.o(.ARM.Collect$$libinit$$0000001F)
    .ARM.Collect$$libinit$$00000021          0x00000152   Section        0  libinit2.o(.ARM.Collect$$libinit$$00000021)
    .ARM.Collect$$libinit$$00000028          0x00000152   Section        0  libinit2.o(.ARM.Collect$$libinit$$00000028)
    .ARM.Collect$$libinit$$0000002A          0x00000152   Section        0  libinit2.o(.ARM.Collect$$libinit$$0000002A)
    .ARM.Collect$$libinit$$0000002C          0x00000152   Section        0  libinit2.o(.ARM.Collect$$libinit$$0000002C)
    .ARM.Collect$$libinit$$0000002E          0x00000152   Section        0  libinit2.o(.ARM.Collect$$libinit$$0000002E)
    .ARM.Collect$$libinit$$0000002F          0x00000152   Section        2  libinit2.o(.ARM.Collect$$libinit$$0000002F)
    .ARM.Collect$$libshutdown$$00000000      0x00000154   Section        2  libshutdown.o(.ARM.Collect$$libshutdown$$00000000)
    .ARM.Collect$$libshutdown$$00000003      0x00000156   Section        0  libshutdown2.o(.ARM.Collect$$libshutdown$$00000003)
    .ARM.Collect$$libshutdown$$00000006      0x00000156   Section        0  libshutdown2.o(.ARM.Collect$$libshutdown$$00000006)
    .ARM.Collect$$libshutdown$$00000009      0x00000156   Section        0  libshutdown2.o(.ARM.Collect$$libshutdown$$00000009)
    .ARM.Collect$$libshutdown$$0000000B      0x00000156   Section        0  libshutdown2.o(.ARM.Collect$$libshutdown$$0000000B)
    .ARM.Collect$$libshutdown$$0000000E      0x00000156   Section        0  libshutdown2.o(.ARM.Collect$$libshutdown$$0000000E)
    .ARM.Collect$$libshutdown$$0000000F      0x00000156   Section        2  libshutdown2.o(.ARM.Collect$$libshutdown$$0000000F)
    .ARM.Collect$$rtentry$$00000000          0x00000158   Section        0  rtentry.o(.ARM.Collect$$rtentry$$00000000)
    .ARM.Collect$$rtentry$$00000002          0x00000158   Section        0  rtentry2.o(.ARM.Collect$$rtentry$$00000002)
    .ARM.Collect$$rtentry$$00000004          0x00000158   Section        6  rtentry4.o(.ARM.Collect$$rtentry$$00000004)
    .ARM.Collect$$rtentry$$00000009          0x0000015e   Section        0  rtentry2.o(.ARM.Collect$$rtentry$$00000009)
    .ARM.Collect$$rtentry$$0000000A          0x0000015e   Section        4  rtentry2.o(.ARM.Collect$$rtentry$$0000000A)
    .ARM.Collect$$rtentry$$0000000C          0x00000162   Section        0  rtentry2.o(.ARM.Collect$$rtentry$$0000000C)
    .ARM.Collect$$rtentry$$0000000D          0x00000162   Section        8  rtentry2.o(.ARM.Collect$$rtentry$$0000000D)
    .ARM.Collect$$rtexit$$00000000           0x0000016a   Section        0  rtexit.o(.ARM.Collect$$rtexit$$00000000)
    .ARM.Collect$$rtexit$$00000002           0x0000016a   Section        0  rtexit2.o(.ARM.Collect$$rtexit$$00000002)
    .ARM.Collect$$rtexit$$00000003           0x0000016a   Section        4  rtexit2.o(.ARM.Collect$$rtexit$$00000003)
    .ARM.Collect$$rtexit$$00000004           0x0000016e   Section        4  rtexit2.o(.ARM.Collect$$rtexit$$00000004)
    .text                                    0x00000174   Section       44  startup_nuc100.o(.text)
    Default_Handler                          0x00000183   Thumb Code     2  startup_nuc100.o(.text)
    .text                                    0x000001a0   Section      460  os_cpu_a.o(.text)
    .text                                    0x0000036c   Section       36  noretval__2printf.o(.text)
    .text                                    0x00000390   Section      108  _printf_dec.o(.text)
    .text                                    0x000003fc   Section      280  __printf_wp.o(.text)
    .text                                    0x00000514   Section      346  aeabi_sdiv.o(.text)
    .text                                    0x0000066e   Section        6  heapauxi.o(.text)
    .text                                    0x00000674   Section      172  _printf_intcommon.o(.text)
    .text                                    0x00000720   Section       48  _printf_char_common.o(.text)
    _printf_input_char                       0x00000721   Thumb Code    10  _printf_char_common.o(.text)
    .text                                    0x00000750   Section       40  rtudiv10.o(.text)
    .text                                    0x00000778   Section       62  sys_stackheap_outer.o(.text)
    .text                                    0x000007b6   Section       12  exit.o(.text)
    .text                                    0x000007c4   Section        8  libspace.o(.text)
    .text                                    0x000007cc   Section       20  sys_exit.o(.text)
    .text                                    0x000007e0   Section        2  use_no_semi.o(.text)
    i.App_TCBInitHook                        0x000007e2   Section        2  app.o(i.App_TCBInitHook)
    i.App_TaskCreateHook                     0x000007e4   Section        2  app.o(i.App_TaskCreateHook)
    i.App_TaskIdleHook                       0x000007e6   Section        2  app.o(i.App_TaskIdleHook)
    i.App_TaskStatHook                       0x000007e8   Section        2  app.o(i.App_TaskStatHook)
    i.App_TaskSwHook                         0x000007ea   Section        2  app.o(i.App_TaskSwHook)
    i.App_TimeTickHook                       0x000007ec   Section        2  app.o(i.App_TimeTickHook)
    i.BOD_IRQHandler                         0x000007f0   Section       28  drvsys.o(i.BOD_IRQHandler)
    i.BSP_INIT_UART0                         0x0000080c   Section       48  app.o(i.BSP_INIT_UART0)
    i.BaudRateCalculator                     0x0000083c   Section      136  drvuart.o(i.BaudRateCalculator)
    BaudRateCalculator                       0x0000083d   Thumb Code   132  drvuart.o(i.BaudRateCalculator)
    i.Delay                                  0x000008c4   Section       12  app.o(i.Delay)
    i.DrvGPIO_InitFunction                   0x000008d0   Section      572  drvgpio.o(i.DrvGPIO_InitFunction)
    i.DrvSYS_EnableBOD                       0x00000b0c   Section       20  drvsys.o(i.DrvSYS_EnableBOD)
    i.DrvSYS_GetEXTClock                     0x00000b20   Section       12  drvsys.o(i.DrvSYS_GetEXTClock)
    i.DrvSYS_GetPLLClock                     0x00000b2c   Section       92  drvsys.o(i.DrvSYS_GetPLLClock)
    i.DrvUART_Open                           0x00000b88   Section      424  drvuart.o(i.DrvUART_Open)
    i.EINT0_IRQHandler                       0x00000d30   Section       28  drvgpio.o(i.EINT0_IRQHandler)
    i.EINT1_IRQHandler                       0x00000d4c   Section       28  drvgpio.o(i.EINT1_IRQHandler)
    i.GPAB_IRQHandler                        0x00000d68   Section       36  drvgpio.o(i.GPAB_IRQHandler)
    i.GPCDE_IRQHandler                       0x00000d8c   Section       48  drvgpio.o(i.GPCDE_IRQHandler)
    i.GetUartCLk                             0x00000dbc   Section       72  drvuart.o(i.GetUartCLk)
    GetUartCLk                               0x00000dbd   Thumb Code    62  drvuart.o(i.GetUartCLk)
    i.OSEventNameSet                         0x00000e04   Section       96  ucos_ii.o(i.OSEventNameSet)
    i.OSInit                                 0x00000e64   Section      288  ucos_ii.o(i.OSInit)
    i.OSInitHookBegin                        0x00000f84   Section       36  os_cpu_c.o(i.OSInitHookBegin)
    i.OSInitHookEnd                          0x00000fa8   Section        2  os_cpu_c.o(i.OSInitHookEnd)
    i.OSIntExit                              0x00000fac   Section       92  ucos_ii.o(i.OSIntExit)
    i.OSMutexCreate                          0x00001008   Section      116  ucos_ii.o(i.OSMutexCreate)
    i.OSMutexPend                            0x0000107c   Section      424  ucos_ii.o(i.OSMutexPend)
    i.OSMutexPost                            0x00001224   Section      172  ucos_ii.o(i.OSMutexPost)
    i.OSMutex_RdyAtPrio                      0x000012d0   Section       96  ucos_ii.o(i.OSMutex_RdyAtPrio)
    OSMutex_RdyAtPrio                        0x000012d1   Thumb Code    86  ucos_ii.o(i.OSMutex_RdyAtPrio)
    i.OSSemCreate                            0x00001330   Section       68  ucos_ii.o(i.OSSemCreate)
    i.OSSemPend                              0x00001374   Section      176  ucos_ii.o(i.OSSemPend)
    i.OSSemPost                              0x00001424   Section       88  ucos_ii.o(i.OSSemPost)
    i.OSStart                                0x0000147c   Section       44  ucos_ii.o(i.OSStart)
    i.OSTCBInitHook                          0x000014a8   Section        8  os_cpu_c.o(i.OSTCBInitHook)
    i.OSTaskCreate                           0x000014b0   Section      124  ucos_ii.o(i.OSTaskCreate)
    i.OSTaskCreateExt                        0x0000152c   Section      140  ucos_ii.o(i.OSTaskCreateExt)
    i.OSTaskCreateHook                       0x000015b8   Section        8  os_cpu_c.o(i.OSTaskCreateHook)
    i.OSTaskIdleHook                         0x000015c0   Section        8  os_cpu_c.o(i.OSTaskIdleHook)
    i.OSTaskNameSet                          0x000015c8   Section      112  ucos_ii.o(i.OSTaskNameSet)
    i.OSTaskStatHook                         0x00001638   Section        8  os_cpu_c.o(i.OSTaskStatHook)
    i.OSTaskStkChk                           0x00001640   Section      108  ucos_ii.o(i.OSTaskStkChk)
    i.OSTaskStkInit                          0x000016ac   Section      136  os_cpu_c.o(i.OSTaskStkInit)
    i.OSTaskSuspend                          0x00001734   Section      128  ucos_ii.o(i.OSTaskSuspend)
    i.OSTaskSwHook                           0x000017b4   Section        8  os_cpu_c.o(i.OSTaskSwHook)
    i.OSTimeDly                              0x000017bc   Section       76  ucos_ii.o(i.OSTimeDly)
    i.OSTimeTick                             0x00001808   Section      148  ucos_ii.o(i.OSTimeTick)
    i.OSTimeTickHook                         0x0000189c   Section       36  os_cpu_c.o(i.OSTimeTickHook)
    i.OSTmrSignal                            0x000018c0   Section       16  ucos_ii.o(i.OSTmrSignal)
    i.OSTmr_Init                             0x000018d0   Section      236  ucos_ii.o(i.OSTmr_Init)
    i.OSTmr_Link                             0x000019bc   Section       72  ucos_ii.o(i.OSTmr_Link)
    OSTmr_Link                               0x000019bd   Thumb Code    64  ucos_ii.o(i.OSTmr_Link)
    i.OSTmr_Lock                             0x00001a04   Section       20  ucos_ii.o(i.OSTmr_Lock)
    OSTmr_Lock                               0x00001a05   Thumb Code    16  ucos_ii.o(i.OSTmr_Lock)
    i.OSTmr_Task                             0x00001a18   Section      108  ucos_ii.o(i.OSTmr_Task)
    OSTmr_Task                               0x00001a19   Thumb Code   100  ucos_ii.o(i.OSTmr_Task)
    i.OSTmr_Unlink                           0x00001a84   Section       64  ucos_ii.o(i.OSTmr_Unlink)
    OSTmr_Unlink                             0x00001a85   Thumb Code    60  ucos_ii.o(i.OSTmr_Unlink)
    i.OSTmr_Unlock                           0x00001ac4   Section       16  ucos_ii.o(i.OSTmr_Unlock)
    OSTmr_Unlock                             0x00001ac5   Thumb Code    12  ucos_ii.o(i.OSTmr_Unlock)
    i.OS_CPU_ExceptHndlr                     0x00001ad4   Section        2  bsp.o(i.OS_CPU_ExceptHndlr)
    i.OS_EventTaskRdy                        0x00001ad8   Section      112  ucos_ii.o(i.OS_EventTaskRdy)
    i.OS_EventTaskRemove                     0x00001b48   Section       32  ucos_ii.o(i.OS_EventTaskRemove)
    i.OS_EventTaskRemoveMulti                0x00001b68   Section       44  ucos_ii.o(i.OS_EventTaskRemoveMulti)
    i.OS_EventTaskWait                       0x00001b94   Section       72  ucos_ii.o(i.OS_EventTaskWait)
    i.OS_EventWaitListInit                   0x00001bdc   Section       22  ucos_ii.o(i.OS_EventWaitListInit)
    i.OS_FlagInit                            0x00001bf4   Section       68  ucos_ii.o(i.OS_FlagInit)
    i.OS_InitTCBList                         0x00001c38   Section       88  ucos_ii.o(i.OS_InitTCBList)
    OS_InitTCBList                           0x00001c39   Thumb Code    74  ucos_ii.o(i.OS_InitTCBList)
    i.OS_MemClr                              0x00001c90   Section       18  ucos_ii.o(i.OS_MemClr)
    i.OS_MemInit                             0x00001ca4   Section       64  ucos_ii.o(i.OS_MemInit)
    i.OS_QInit                               0x00001ce4   Section       52  ucos_ii.o(i.OS_QInit)
    i.OS_Sched                               0x00001d18   Section       76  ucos_ii.o(i.OS_Sched)
    i.OS_SchedNew                            0x00001d64   Section       36  ucos_ii.o(i.OS_SchedNew)
    OS_SchedNew                              0x00001d65   Thumb Code    26  ucos_ii.o(i.OS_SchedNew)
    i.OS_StrCopy                             0x00001d88   Section       28  ucos_ii.o(i.OS_StrCopy)
    i.OS_StrLen                              0x00001da4   Section       20  ucos_ii.o(i.OS_StrLen)
    i.OS_TCBInit                             0x00001db8   Section      212  ucos_ii.o(i.OS_TCBInit)
    i.OS_TaskIdle                            0x00001e8c   Section       28  ucos_ii.o(i.OS_TaskIdle)
    i.OS_TaskStat                            0x00001ea8   Section       92  ucos_ii.o(i.OS_TaskStat)
    i.OS_TaskStatStkChk                      0x00001f04   Section       60  ucos_ii.o(i.OS_TaskStatStkChk)
    i.OS_TaskStkClr                          0x00001f40   Section       22  ucos_ii.o(i.OS_TaskStkClr)
    i.PWRWU_IRQHandler                       0x00001f58   Section       32  drvsys.o(i.PWRWU_IRQHandler)
    i.SendChar                               0x00001f78   Section       32  retarget.o(i.SendChar)
    i.SysTick_Config                         0x00001f98   Section       60  app.o(i.SysTick_Config)
    SysTick_Config                           0x00001f99   Thumb Code    48  app.o(i.SysTick_Config)
    i.SysTick_Handler                        0x00001fd4   Section       32  app.o(i.SysTick_Handler)
    i.Task1                                  0x00001ff4   Section      168  app.o(i.Task1)
    i.Task2                                  0x0000209c   Section       40  app.o(i.Task2)
    i.UART0_IRQHandler                       0x000020c4   Section       24  drvuart.o(i.UART0_IRQHandler)
    i.UART1_IRQHandler                       0x000020dc   Section       24  drvuart.o(i.UART1_IRQHandler)
    i.__ARM_common_switch8                   0x000020f4   Section       26  drvgpio.o(i.__ARM_common_switch8)
    i.fputc                                  0x0000210e   Section       10  retarget.o(i.fputc)
    i.main                                   0x00002118   Section      160  app.o(i.main)
    .constdata                               0x000021b8   Section       16  drvsys.o(.constdata)
    .constdata                               0x000021c8   Section      256  ucos_ii.o(.constdata)
    .data                                    0x20000000   Section       16  app.o(.data)
    .data                                    0x20000010   Section        8  drvuart.o(.data)
    g_pfnUART0callback                       0x20000010   Data           4  drvuart.o(.data)
    g_pfnUART1callback                       0x20000014   Data           4  drvuart.o(.data)
    .data                                    0x20000018   Section        4  retarget.o(.data)
    .data                                    0x2000001c   Section       16  drvgpio.o(.data)
    _pfGPABCallback                          0x2000001c   Data           4  drvgpio.o(.data)
    _pfGPCDECallback                         0x20000020   Data           4  drvgpio.o(.data)
    _pfEINT0Callback                         0x20000024   Data           4  drvgpio.o(.data)
    _pfEINT1Callback                         0x20000028   Data           4  drvgpio.o(.data)
    .data                                    0x2000002c   Section       12  drvsys.o(.data)
    s_u32ExtClockKHz                         0x2000002c   Data           4  drvsys.o(.data)
    BOD_callbackFn                           0x20000030   Data           4  drvsys.o(.data)
    PWRWU_callbackFn                         0x20000034   Data           4  drvsys.o(.data)
    .data                                    0x20000038   Section        4  system_nuc100.o(.data)
    .data                                    0x2000003c   Section       92  ucos_ii.o(.data)
    .data                                    0x20000098   Section        8  os_cpu_c.o(.data)
    OSTmrCtr                                 0x2000009a   Data           2  os_cpu_c.o(.data)
    .bss                                     0x200000a0   Section     1024  app.o(.bss)
    .bss                                     0x200004a0   Section     5488  ucos_ii.o(.bss)
    .bss                                     0x20001a10   Section      512  os_cpu_c.o(.bss)
    .bss                                     0x20001c10   Section       96  libspace.o(.bss)
    HEAP                                     0x20001c70   Section        0  startup_nuc100.o(HEAP)
    STACK                                    0x20001c70   Section     2048  startup_nuc100.o(STACK)
    Heap_Mem                                 0x20001c70   Data           0  startup_nuc100.o(HEAP)
    Stack_Mem                                0x20001c70   Data        2048  startup_nuc100.o(STACK)
    __initial_sp                             0x20002470   Data           0  startup_nuc100.o(STACK)

    Global Symbols

    Symbol Name                              Value     Ov Type        Size  Object(Section)

    BuildAttributes$$THM_ISAv3M$S$PE$A:L22$X:L11$S22$IEEE1$IW$USESV6$~STKCKD$USESV7$~SHL$OSPACE$ROPI$EBA8$UX$STANDARDLIB$REQ8$PRES8$EABIv2 0x00000000   Number         0  anon$$obj.o ABSOLUTE
    __ARM_use_no_argv                        0x00000000   Number         0  app.o ABSOLUTE
    __Vectors                                0x00000000   Data           4  startup_nuc100.o(RESET)
    _printf_flags                            0x00000000   Number         0  printf_stubs.o ABSOLUTE
    _printf_return_value                     0x00000000   Number         0  printf_stubs.o ABSOLUTE
    _printf_sizespec                         0x00000000   Number         0  printf_stubs.o ABSOLUTE
    _printf_widthprec                        0x00000000   Number         0  printf_stubs.o ABSOLUTE
    __ARM_exceptions_init                     - Undefined Weak Reference
    __alloca_initialize                       - Undefined Weak Reference
    __cpp_initialize__aeabi_                  - Undefined Weak Reference
    __cxa_finalize                            - Undefined Weak Reference
    __rt_locale                               - Undefined Weak Reference
    __sigvec_lookup                           - Undefined Weak Reference
    _atexit_init                              - Undefined Weak Reference
    _call_atexit_fns                          - Undefined Weak Reference
    _clock_init                               - Undefined Weak Reference
    _fp_trap_init                             - Undefined Weak Reference
    _fp_trap_shutdown                         - Undefined Weak Reference
    _get_lc_collate                           - Undefined Weak Reference
    _get_lc_ctype                             - Undefined Weak Reference
    _get_lc_monetary                          - Undefined Weak Reference
    _get_lc_numeric                           - Undefined Weak Reference
    _get_lc_time                              - Undefined Weak Reference
    _getenv_init                              - Undefined Weak Reference
    _handle_redirection                       - Undefined Weak Reference
    _init_alloc                               - Undefined Weak Reference
    _init_user_alloc                          - Undefined Weak Reference
    _initio                                   - Undefined Weak Reference
    _printf_mbtowc                            - Undefined Weak Reference
    _printf_post_padding                      - Undefined Weak Reference
    _printf_pre_padding                       - Undefined Weak Reference
    _printf_truncate_signed                   - Undefined Weak Reference
    _printf_truncate_unsigned                 - Undefined Weak Reference
    _rand_init                                - Undefined Weak Reference
    _signal_finish                            - Undefined Weak Reference
    _signal_init                              - Undefined Weak Reference
    _terminate_alloc                          - Undefined Weak Reference
    _terminate_user_alloc                     - Undefined Weak Reference
    _terminateio                              - Undefined Weak Reference
    __main                                   0x000000c1   Thumb Code     8  __main.o(!!!main)
    __scatterload                            0x000000c9   Thumb Code     0  __scatter.o(!!!scatter)
    __scatterload_rt2                        0x000000c9   Thumb Code    52  __scatter.o(!!!scatter)
    __scatterload_rt2_thumb_only             0x000000c9   Thumb Code     0  __scatter.o(!!!scatter)
    __scatterload_null                       0x000000d9   Thumb Code     0  __scatter.o(!!!scatter)
    __scatterload_copy                       0x00000105   Thumb Code    26  __scatter_copy.o(!!handler_copy)
    __scatterload_zeroinit                   0x00000121   Thumb Code    28  __scatter_zi.o(!!handler_zi)
    _printf_percent                          0x0000013d   Thumb Code     0  _printf_percent.o(.ARM.Collect$$_printf_percent$$00000000)
    _printf_d                                0x0000013f   Thumb Code     0  _printf_d.o(.ARM.Collect$$_printf_percent$$00000009)
    _printf_percent_end                      0x00000149   Thumb Code     0  _printf_percent_end.o(.ARM.Collect$$_printf_percent$$00000017)
    __rt_lib_init                            0x0000014d   Thumb Code     0  libinit.o(.ARM.Collect$$libinit$$00000000)
    __rt_lib_init_alloca_1                   0x00000153   Thumb Code     0  libinit2.o(.ARM.Collect$$libinit$$0000002A)
    __rt_lib_init_argv_1                     0x00000153   Thumb Code     0  libinit2.o(.ARM.Collect$$libinit$$00000028)
    __rt_lib_init_atexit_1                   0x00000153   Thumb Code     0  libinit2.o(.ARM.Collect$$libinit$$00000017)
    __rt_lib_init_clock_1                    0x00000153   Thumb Code     0  libinit2.o(.ARM.Collect$$libinit$$0000001D)
    __rt_lib_init_cpp_1                      0x00000153   Thumb Code     0  libinit2.o(.ARM.Collect$$libinit$$0000002E)
    __rt_lib_init_exceptions_1               0x00000153   Thumb Code     0  libinit2.o(.ARM.Collect$$libinit$$0000002C)
    __rt_lib_init_fp_trap_1                  0x00000153   Thumb Code     0  libinit2.o(.ARM.Collect$$libinit$$0000001B)
    __rt_lib_init_getenv_1                   0x00000153   Thumb Code     0  libinit2.o(.ARM.Collect$$libinit$$0000001F)
    __rt_lib_init_heap_1                     0x00000153   Thumb Code     0  libinit2.o(.ARM.Collect$$libinit$$00000006)
    __rt_lib_init_lc_collate_1               0x00000153   Thumb Code     0  libinit2.o(.ARM.Collect$$libinit$$0000000D)
    __rt_lib_init_lc_ctype_1                 0x00000153   Thumb Code     0  libinit2.o(.ARM.Collect$$libinit$$0000000F)
    __rt_lib_init_lc_monetary_1              0x00000153   Thumb Code     0  libinit2.o(.ARM.Collect$$libinit$$00000011)
    __rt_lib_init_lc_numeric_1               0x00000153   Thumb Code     0  libinit2.o(.ARM.Collect$$libinit$$00000013)
    __rt_lib_init_lc_time_1                  0x00000153   Thumb Code     0  libinit2.o(.ARM.Collect$$libinit$$00000015)
    __rt_lib_init_rand_1                     0x00000153   Thumb Code     0  libinit2.o(.ARM.Collect$$libinit$$0000000A)
    __rt_lib_init_return                     0x00000153   Thumb Code     0  libinit2.o(.ARM.Collect$$libinit$$0000002F)
    __rt_lib_init_signal_1                   0x00000153   Thumb Code     0  libinit2.o(.ARM.Collect$$libinit$$00000019)
    __rt_lib_init_stdio_1                    0x00000153   Thumb Code     0  libinit2.o(.ARM.Collect$$libinit$$00000021)
    __rt_lib_init_user_alloc_1               0x00000153   Thumb Code     0  libinit2.o(.ARM.Collect$$libinit$$00000008)
    __rt_lib_shutdown                        0x00000155   Thumb Code     0  libshutdown.o(.ARM.Collect$$libshutdown$$00000000)
    __rt_lib_shutdown_fp_trap_1              0x00000157   Thumb Code     0  libshutdown2.o(.ARM.Collect$$libshutdown$$00000006)
    __rt_lib_shutdown_heap_1                 0x00000157   Thumb Code     0  libshutdown2.o(.ARM.Collect$$libshutdown$$0000000E)
    __rt_lib_shutdown_return                 0x00000157   Thumb Code     0  libshutdown2.o(.ARM.Collect$$libshutdown$$0000000F)
    __rt_lib_shutdown_signal_1               0x00000157   Thumb Code     0  libshutdown2.o(.ARM.Collect$$libshutdown$$00000009)
    __rt_lib_shutdown_stdio_1                0x00000157   Thumb Code     0  libshutdown2.o(.ARM.Collect$$libshutdown$$00000003)
    __rt_lib_shutdown_user_alloc_1           0x00000157   Thumb Code     0  libshutdown2.o(.ARM.Collect$$libshutdown$$0000000B)
    __rt_entry                               0x00000159   Thumb Code     0  rtentry.o(.ARM.Collect$$rtentry$$00000000)
    __rt_entry_presh_1                       0x00000159   Thumb Code     0  rtentry2.o(.ARM.Collect$$rtentry$$00000002)
    __rt_entry_sh                            0x00000159   Thumb Code     0  rtentry4.o(.ARM.Collect$$rtentry$$00000004)
    __rt_entry_li                            0x0000015f   Thumb Code     0  rtentry2.o(.ARM.Collect$$rtentry$$0000000A)
    __rt_entry_postsh_1                      0x0000015f   Thumb Code     0  rtentry2.o(.ARM.Collect$$rtentry$$00000009)
    __rt_entry_main                          0x00000163   Thumb Code     0  rtentry2.o(.ARM.Collect$$rtentry$$0000000D)
    __rt_entry_postli_1                      0x00000163   Thumb Code     0  rtentry2.o(.ARM.Collect$$rtentry$$0000000C)
    __rt_exit                                0x0000016b   Thumb Code     0  rtexit.o(.ARM.Collect$$rtexit$$00000000)
    __rt_exit_ls                             0x0000016b   Thumb Code     0  rtexit2.o(.ARM.Collect$$rtexit$$00000003)
    __rt_exit_prels_1                        0x0000016b   Thumb Code     0  rtexit2.o(.ARM.Collect$$rtexit$$00000002)
    __rt_exit_exit                           0x0000016f   Thumb Code     0  rtexit2.o(.ARM.Collect$$rtexit$$00000004)
    Reset_Handler                            0x00000175   Thumb Code     4  startup_nuc100.o(.text)
    NMI_Handler                              0x00000179   Thumb Code     2  startup_nuc100.o(.text)
    HardFault_Handler                        0x0000017b   Thumb Code     2  startup_nuc100.o(.text)
    SVC_Handler                              0x0000017d   Thumb Code     2  startup_nuc100.o(.text)
    PendSV_Handler                           0x0000017f   Thumb Code     2  startup_nuc100.o(.text)
    ACMP_IRQHandler                          0x00000183   Thumb Code     0  startup_nuc100.o(.text)
    ADC_IRQHandler                           0x00000183   Thumb Code     0  startup_nuc100.o(.text)
    CAN0_IRQHandler                          0x00000183   Thumb Code     0  startup_nuc100.o(.text)
    CAN1_IRQHandler                          0x00000183   Thumb Code     0  startup_nuc100.o(.text)
    I2C0_IRQHandler                          0x00000183   Thumb Code     0  startup_nuc100.o(.text)
    I2C1_IRQHandler                          0x00000183   Thumb Code     0  startup_nuc100.o(.text)
    PDMA_IRQHandler                          0x00000183   Thumb Code     0  startup_nuc100.o(.text)
    PS2_IRQHandler                           0x00000183   Thumb Code     0  startup_nuc100.o(.text)
    PWMA_IRQHandler                          0x00000183   Thumb Code     0  startup_nuc100.o(.text)
    PWMB_IRQHandler                          0x00000183   Thumb Code     0  startup_nuc100.o(.text)
    RTC_IRQHandler                           0x00000183   Thumb Code     0  startup_nuc100.o(.text)
    SPI0_IRQHandler                          0x00000183   Thumb Code     0  startup_nuc100.o(.text)
    SPI1_IRQHandler                          0x00000183   Thumb Code     0  startup_nuc100.o(.text)
    SPI2_IRQHandler                          0x00000183   Thumb Code     0  startup_nuc100.o(.text)
    SPI3_IRQHandler                          0x00000183   Thumb Code     0  startup_nuc100.o(.text)
    TMR0_IRQHandler                          0x00000183   Thumb Code     0  startup_nuc100.o(.text)
    TMR1_IRQHandler                          0x00000183   Thumb Code     0  startup_nuc100.o(.text)
    TMR2_IRQHandler                          0x00000183   Thumb Code     0  startup_nuc100.o(.text)
    TMR3_IRQHandler                          0x00000183   Thumb Code     0  startup_nuc100.o(.text)
    USBD_IRQHandler                          0x00000183   Thumb Code     0  startup_nuc100.o(.text)
    WDT_IRQHandler                           0x00000183   Thumb Code     0  startup_nuc100.o(.text)
    __user_initial_stackheap                 0x00000185   Thumb Code     0  startup_nuc100.o(.text)
    OS_CPU_SR_Save                           0x000001a1   Thumb Code     0  os_cpu_a.o(.text)
    OS_CPU_SR_Restore                        0x000001a9   Thumb Code     0  os_cpu_a.o(.text)
    OSStartHighRdy                           0x000001af   Thumb Code     0  os_cpu_a.o(.text)
    OSCtxSw                                  0x000001e5   Thumb Code     0  os_cpu_a.o(.text)
    OSIntCtxSw                               0x0000024d   Thumb Code     0  os_cpu_a.o(.text)
    OS_CPU_CM0_ExceptHndlr                   0x000002b5   Thumb Code     0  os_cpu_a.o(.text)
    __2printf                                0x0000036d   Thumb Code    26  noretval__2printf.o(.text)
    _printf_int_dec                          0x00000391   Thumb Code    90  _printf_dec.o(.text)
    __printf                                 0x000003fd   Thumb Code   280  __printf_wp.o(.text)
    __aeabi_uidiv                            0x00000515   Thumb Code     0  aeabi_sdiv.o(.text)
    __aeabi_uidivmod                         0x00000515   Thumb Code    20  aeabi_sdiv.o(.text)
    __aeabi_idiv                             0x00000529   Thumb Code     0  aeabi_sdiv.o(.text)
    __aeabi_idivmod                          0x00000529   Thumb Code   326  aeabi_sdiv.o(.text)
    __use_two_region_memory                  0x0000066f   Thumb Code     2  heapauxi.o(.text)
    __rt_heap_escrow$2region                 0x00000671   Thumb Code     2  heapauxi.o(.text)
    __rt_heap_expand$2region                 0x00000673   Thumb Code     2  heapauxi.o(.text)
    _printf_int_common                       0x00000675   Thumb Code   172  _printf_intcommon.o(.text)
    _printf_char_common                      0x0000072b   Thumb Code    34  _printf_char_common.o(.text)
    __rt_udiv10                              0x00000751   Thumb Code    40  rtudiv10.o(.text)
    __user_setup_stackheap                   0x00000779   Thumb Code    62  sys_stackheap_outer.o(.text)
    exit                                     0x000007b7   Thumb Code    12  exit.o(.text)
    __user_libspace                          0x000007c5   Thumb Code     8  libspace.o(.text)
    __user_perproc_libspace                  0x000007c5   Thumb Code     0  libspace.o(.text)
    __user_perthread_libspace                0x000007c5   Thumb Code     0  libspace.o(.text)
    _sys_exit                                0x000007cd   Thumb Code    12  sys_exit.o(.text)
    __I$use$semihosting                      0x000007e1   Thumb Code     0  use_no_semi.o(.text)
    __use_no_semihosting_swi                 0x000007e1   Thumb Code     2  use_no_semi.o(.text)
    App_TCBInitHook                          0x000007e3   Thumb Code     2  app.o(i.App_TCBInitHook)
    App_TaskCreateHook                       0x000007e5   Thumb Code     2  app.o(i.App_TaskCreateHook)
    App_TaskIdleHook                         0x000007e7   Thumb Code     2  app.o(i.App_TaskIdleHook)
    App_TaskStatHook                         0x000007e9   Thumb Code     2  app.o(i.App_TaskStatHook)
    App_TaskSwHook                           0x000007eb   Thumb Code     2  app.o(i.App_TaskSwHook)
    App_TimeTickHook                         0x000007ed   Thumb Code     2  app.o(i.App_TimeTickHook)
    BOD_IRQHandler                           0x000007f1   Thumb Code    22  drvsys.o(i.BOD_IRQHandler)
    BSP_INIT_UART0                           0x0000080d   Thumb Code    48  app.o(i.BSP_INIT_UART0)
    Delay                                    0x000008c5   Thumb Code    12  app.o(i.Delay)
    DrvGPIO_InitFunction                     0x000008d1   Thumb Code   562  drvgpio.o(i.DrvGPIO_InitFunction)
    DrvSYS_EnableBOD                         0x00000b0d   Thumb Code    20  drvsys.o(i.DrvSYS_EnableBOD)
    DrvSYS_GetEXTClock                       0x00000b21   Thumb Code     6  drvsys.o(i.DrvSYS_GetEXTClock)
    DrvSYS_GetPLLClock                       0x00000b2d   Thumb Code    76  drvsys.o(i.DrvSYS_GetPLLClock)
    DrvUART_Open                             0x00000b89   Thumb Code   406  drvuart.o(i.DrvUART_Open)
    EINT0_IRQHandler                         0x00000d31   Thumb Code    20  drvgpio.o(i.EINT0_IRQHandler)
    EINT1_IRQHandler                         0x00000d4d   Thumb Code    20  drvgpio.o(i.EINT1_IRQHandler)
    GPAB_IRQHandler                          0x00000d69   Thumb Code    26  drvgpio.o(i.GPAB_IRQHandler)
    GPCDE_IRQHandler                         0x00000d8d   Thumb Code    40  drvgpio.o(i.GPCDE_IRQHandler)
    OSEventNameSet                           0x00000e05   Thumb Code    90  ucos_ii.o(i.OSEventNameSet)
    OSInit                                   0x00000e65   Thumb Code   226  ucos_ii.o(i.OSInit)
    OSInitHookBegin                          0x00000f85   Thumb Code    24  os_cpu_c.o(i.OSInitHookBegin)
    OSInitHookEnd                            0x00000fa9   Thumb Code     2  os_cpu_c.o(i.OSInitHookEnd)
    OSIntExit                                0x00000fad   Thumb Code    82  ucos_ii.o(i.OSIntExit)
    OSMutexCreate                            0x00001009   Thumb Code   106  ucos_ii.o(i.OSMutexCreate)
    OSMutexPend                              0x0000107d   Thumb Code   414  ucos_ii.o(i.OSMutexPend)
    OSMutexPost                              0x00001225   Thumb Code   162  ucos_ii.o(i.OSMutexPost)
    OSSemCreate                              0x00001331   Thumb Code    64  ucos_ii.o(i.OSSemCreate)
    OSSemPend                                0x00001375   Thumb Code   170  ucos_ii.o(i.OSSemPend)
    OSSemPost                                0x00001425   Thumb Code    82  ucos_ii.o(i.OSSemPost)
    OSStart                                  0x0000147d   Thumb Code    34  ucos_ii.o(i.OSStart)
    OSTCBInitHook                            0x000014a9   Thumb Code     8  os_cpu_c.o(i.OSTCBInitHook)
    OSTaskCreate                             0x000014b1   Thumb Code   114  ucos_ii.o(i.OSTaskCreate)
    OSTaskCreateExt                          0x0000152d   Thumb Code   132  ucos_ii.o(i.OSTaskCreateExt)
    OSTaskCreateHook                         0x000015b9   Thumb Code     8  os_cpu_c.o(i.OSTaskCreateHook)
    OSTaskIdleHook                           0x000015c1   Thumb Code     8  os_cpu_c.o(i.OSTaskIdleHook)
    OSTaskNameSet                            0x000015c9   Thumb Code   102  ucos_ii.o(i.OSTaskNameSet)
    OSTaskStatHook                           0x00001639   Thumb Code     8  os_cpu_c.o(i.OSTaskStatHook)
    OSTaskStkChk                             0x00001641   Thumb Code    98  ucos_ii.o(i.OSTaskStkChk)
    OSTaskStkInit                            0x000016ad   Thumb Code    98  os_cpu_c.o(i.OSTaskStkInit)
    OSTaskSuspend                            0x00001735   Thumb Code   120  ucos_ii.o(i.OSTaskSuspend)
    OSTaskSwHook                             0x000017b5   Thumb Code     8  os_cpu_c.o(i.OSTaskSwHook)
    OSTimeDly                                0x000017bd   Thumb Code    70  ucos_ii.o(i.OSTimeDly)
    OSTimeTick                               0x00001809   Thumb Code   144  ucos_ii.o(i.OSTimeTick)
    OSTimeTickHook                           0x0000189d   Thumb Code    30  os_cpu_c.o(i.OSTimeTickHook)
    OSTmrSignal                              0x000018c1   Thumb Code    12  ucos_ii.o(i.OSTmrSignal)
    OSTmr_Init                               0x000018d1   Thumb Code   172  ucos_ii.o(i.OSTmr_Init)
    OS_CPU_ExceptHndlr                       0x00001ad5   Thumb Code     2  bsp.o(i.OS_CPU_ExceptHndlr)
    OS_EventTaskRdy                          0x00001ad9   Thumb Code   100  ucos_ii.o(i.OS_EventTaskRdy)
    OS_EventTaskRemove                       0x00001b49   Thumb Code    32  ucos_ii.o(i.OS_EventTaskRemove)
    OS_EventTaskRemoveMulti                  0x00001b69   Thumb Code    44  ucos_ii.o(i.OS_EventTaskRemoveMulti)
    OS_EventTaskWait                         0x00001b95   Thumb Code    66  ucos_ii.o(i.OS_EventTaskWait)
    OS_EventWaitListInit                     0x00001bdd   Thumb Code    22  ucos_ii.o(i.OS_EventWaitListInit)
    OS_FlagInit                              0x00001bf5   Thumb Code    58  ucos_ii.o(i.OS_FlagInit)
    OS_MemClr                                0x00001c91   Thumb Code    18  ucos_ii.o(i.OS_MemClr)
    OS_MemInit                               0x00001ca5   Thumb Code    56  ucos_ii.o(i.OS_MemInit)
    OS_QInit                                 0x00001ce5   Thumb Code    44  ucos_ii.o(i.OS_QInit)
    OS_Sched                                 0x00001d19   Thumb Code    66  ucos_ii.o(i.OS_Sched)
    OS_StrCopy                               0x00001d89   Thumb Code    28  ucos_ii.o(i.OS_StrCopy)
    OS_StrLen                                0x00001da5   Thumb Code    20  ucos_ii.o(i.OS_StrLen)
    OS_TCBInit                               0x00001db9   Thumb Code   204  ucos_ii.o(i.OS_TCBInit)
    OS_TaskIdle                              0x00001e8d   Thumb Code    24  ucos_ii.o(i.OS_TaskIdle)
    OS_TaskStat                              0x00001ea9   Thumb Code    86  ucos_ii.o(i.OS_TaskStat)
    OS_TaskStatStkChk                        0x00001f05   Thumb Code    54  ucos_ii.o(i.OS_TaskStatStkChk)
    OS_TaskStkClr                            0x00001f41   Thumb Code    22  ucos_ii.o(i.OS_TaskStkClr)
    PWRWU_IRQHandler                         0x00001f59   Thumb Code    22  drvsys.o(i.PWRWU_IRQHandler)
    SendChar                                 0x00001f79   Thumb Code    26  retarget.o(i.SendChar)
    SysTick_Handler                          0x00001fd5   Thumb Code    28  app.o(i.SysTick_Handler)
    Task1                                    0x00001ff5   Thumb Code    84  app.o(i.Task1)
    Task2                                    0x0000209d   Thumb Code    36  app.o(i.Task2)
    UART0_IRQHandler                         0x000020c5   Thumb Code    16  drvuart.o(i.UART0_IRQHandler)
    UART1_IRQHandler                         0x000020dd   Thumb Code    16  drvuart.o(i.UART1_IRQHandler)
    __ARM_common_switch8                     0x000020f5   Thumb Code    26  drvgpio.o(i.__ARM_common_switch8)
    fputc                                    0x0000210f   Thumb Code    10  retarget.o(i.fputc)
    main                                     0x00002119   Thumb Code   118  app.o(i.main)
    OSUnMapTbl                               0x000021c8   Data         256  ucos_ii.o(.constdata)
    Region$$Table$$Base                      0x000022c8   Number         0  anon$$obj.o(Region$$Table)
    Region$$Table$$Limit                     0x000022e8   Number         0  anon$$obj.o(Region$$Table)
    DispMutex                                0x20000000   Data           4  app.o(.data)
    cri1                                     0x20000004   Data           4  app.o(.data)
    cri2                                     0x20000008   Data           4  app.o(.data)
    count                                    0x2000000c   Data           4  app.o(.data)
    __stdout                                 0x20000018   Data           4  retarget.o(.data)
    SystemFrequency                          0x20000038   Data           4  system_nuc100.o(.data)
    OSCPUUsage                               0x2000003c   Data           1  ucos_ii.o(.data)
    OSStatRdy                                0x2000003d   Data           1  ucos_ii.o(.data)
    OSIntNesting                             0x2000003e   Data           1  ucos_ii.o(.data)
    OSLockNesting                            0x2000003f   Data           1  ucos_ii.o(.data)
    OSPrioCur                                0x20000040   Data           1  ucos_ii.o(.data)
    OSPrioHighRdy                            0x20000041   Data           1  ucos_ii.o(.data)
    OSRdyGrp                                 0x20000042   Data           1  ucos_ii.o(.data)
    OSRunning                                0x20000043   Data           1  ucos_ii.o(.data)
    OSTaskCtr                                0x20000044   Data           1  ucos_ii.o(.data)
    OSTickStepState                          0x20000045   Data           1  ucos_ii.o(.data)
    OSTmrFree                                0x20000046   Data           2  ucos_ii.o(.data)
    OSTmrUsed                                0x20000048   Data           2  ucos_ii.o(.data)
    OSCtxSwCtr                               0x2000004c   Data           4  ucos_ii.o(.data)
    OSEventFreeList                          0x20000050   Data           4  ucos_ii.o(.data)
    OSFlagFreeList                           0x20000054   Data           4  ucos_ii.o(.data)
    OSIdleCtrMax                             0x20000058   Data           4  ucos_ii.o(.data)
    OSIdleCtrRun                             0x2000005c   Data           4  ucos_ii.o(.data)
    OSIdleCtr                                0x20000060   Data           4  ucos_ii.o(.data)
    OSTCBCur                                 0x20000064   Data           4  ucos_ii.o(.data)
    OSTCBFreeList                            0x20000068   Data           4  ucos_ii.o(.data)
    OSTCBHighRdy                             0x2000006c   Data           4  ucos_ii.o(.data)
    OSTCBList                                0x20000070   Data           4  ucos_ii.o(.data)
    OSMemFreeList                            0x20000074   Data           4  ucos_ii.o(.data)
    OSQFreeList                              0x20000078   Data           4  ucos_ii.o(.data)
    OSTime                                   0x2000007c   Data           4  ucos_ii.o(.data)
    OSTmrTime                                0x20000080   Data           4  ucos_ii.o(.data)
    OSTmrSem                                 0x20000084   Data           4  ucos_ii.o(.data)
    OSTmrSemSignal                           0x20000088   Data           4  ucos_ii.o(.data)
    OSTmrFreeList                            0x2000008c   Data           4  ucos_ii.o(.data)
    OSRdyTbl                                 0x20000090   Data           8  ucos_ii.o(.data)
    OS_CPU_CtxSw                             0x20000098   Data           1  os_cpu_c.o(.data)
    OS_CPU_ExceptStkBase                     0x2000009c   Data           4  os_cpu_c.o(.data)
    Task1_Stack                              0x200000a0   Data         512  app.o(.bss)
    Task2_Stack                              0x200002a0   Data         512  app.o(.bss)
    OSEventTbl                               0x200004a0   Data         360  ucos_ii.o(.bss)
    OSFlagTbl                                0x20000608   Data         140  ucos_ii.o(.bss)
    OSTaskStatStk                            0x20000694   Data         512  ucos_ii.o(.bss)
    OSTaskIdleStk                            0x20000894   Data         512  ucos_ii.o(.bss)
    OSTCBPrioTbl                             0x20000a94   Data         256  ucos_ii.o(.bss)
    OSTCBTbl                                 0x20000b94   Data        2024  ucos_ii.o(.bss)
    OSMemTbl                                 0x2000137c   Data         180  ucos_ii.o(.bss)
    OSQTbl                                   0x20001430   Data          96  ucos_ii.o(.bss)
    OSTmrTbl                                 0x20001490   Data         832  ucos_ii.o(.bss)
    OSTmrTaskStk                             0x200017d0   Data         512  ucos_ii.o(.bss)
    OSTmrWheelTbl                            0x200019d0   Data          64  ucos_ii.o(.bss)
    OS_CPU_ExceptStk                         0x20001a10   Data         512  os_cpu_c.o(.bss)
    __libspace_start                         0x20001c10   Data          96  libspace.o(.bss)
    __temporary_stack_top$libspace           0x20001c70   Data           0  libspace.o(.bss)



==============================================================================

Memory Map of the image

  Image Entry point : 0x00000175

  Load Region LR_1 (Base: 0x00000000, Size: 0x00002388, Max: 0xffffffff, ABSOLUTE)

    Execution Region ER_RO (Base: 0x00000000, Size: 0x000022e8, Max: 0xffffffff, ABSOLUTE)

    Base Addr    Size         Type   Attr      Idx    E Section Name        Object

    0x00000000   0x000000c0   Data   RO          210    RESET               startup_nuc100.o
    0x000000c0   0x00000008   Code   RO         1775  * !!!main             __main.o(c_p.l)
    0x000000c8   0x0000003c   Code   RO         1953    !!!scatter          __scatter.o(c_p.l)
    0x00000104   0x0000001a   Code   RO         1955    !!handler_copy      __scatter_copy.o(c_p.l)
    0x0000011e   0x00000002   PAD
    0x00000120   0x0000001c   Code   RO         1957    !!handler_zi        __scatter_zi.o(c_p.l)
    0x0000013c   0x00000002   Code   RO         1768    .ARM.Collect$$_printf_percent$$00000000  _printf_percent.o(c_p.l)
    0x0000013e   0x0000000a   Code   RO         1767    .ARM.Collect$$_printf_percent$$00000009  _printf_d.o(c_p.l)
    0x00000148   0x00000004   Code   RO         1789    .ARM.Collect$$_printf_percent$$00000017  _printf_percent_end.o(c_p.l)
    0x0000014c   0x00000006   Code   RO         1829    .ARM.Collect$$libinit$$00000000  libinit.o(c_p.l)
    0x00000152   0x00000000   Code   RO         1844    .ARM.Collect$$libinit$$00000006  libinit2.o(c_p.l)
    0x00000152   0x00000000   Code   RO         1846    .ARM.Collect$$libinit$$00000008  libinit2.o(c_p.l)
    0x00000152   0x00000000   Code   RO         1848    .ARM.Collect$$libinit$$0000000A  libinit2.o(c_p.l)
    0x00000152   0x00000000   Code   RO         1851    .ARM.Collect$$libinit$$0000000D  libinit2.o(c_p.l)
    0x00000152   0x00000000   Code   RO         1853    .ARM.Collect$$libinit$$0000000F  libinit2.o(c_p.l)
    0x00000152   0x00000000   Code   RO         1855    .ARM.Collect$$libinit$$00000011  libinit2.o(c_p.l)
    0x00000152   0x00000000   Code   RO         1857    .ARM.Collect$$libinit$$00000013  libinit2.o(c_p.l)
    0x00000152   0x00000000   Code   RO         1859    .ARM.Collect$$libinit$$00000015  libinit2.o(c_p.l)
    0x00000152   0x00000000   Code   RO         1861    .ARM.Collect$$libinit$$00000017  libinit2.o(c_p.l)
    0x00000152   0x00000000   Code   RO         1863    .ARM.Collect$$libinit$$00000019  libinit2.o(c_p.l)
    0x00000152   0x00000000   Code   RO         1865    .ARM.Collect$$libinit$$0000001B  libinit2.o(c_p.l)
    0x00000152   0x00000000   Code   RO         1867    .ARM.Collect$$libinit$$0000001D  libinit2.o(c_p.l)
    0x00000152   0x00000000   Code   RO         1869    .ARM.Collect$$libinit$$0000001F  libinit2.o(c_p.l)
    0x00000152   0x00000000   Code   RO         1871    .ARM.Collect$$libinit$$00000021  libinit2.o(c_p.l)
    0x00000152   0x00000000   Code   RO         1875    .ARM.Collect$$libinit$$00000028  libinit2.o(c_p.l)
    0x00000152   0x00000000   Code   RO         1877    .ARM.Collect$$libinit$$0000002A  libinit2.o(c_p.l)
    0x00000152   0x00000000   Code   RO         1879    .ARM.Collect$$libinit$$0000002C  libinit2.o(c_p.l)
    0x00000152   0x00000000   Code   RO         1881    .ARM.Collect$$libinit$$0000002E  libinit2.o(c_p.l)
    0x00000152   0x00000002   Code   RO         1882    .ARM.Collect$$libinit$$0000002F  libinit2.o(c_p.l)
    0x00000154   0x00000002   Code   RO         1911    .ARM.Collect$$libshutdown$$00000000  libshutdown.o(c_p.l)
    0x00000156   0x00000000   Code   RO         1938    .ARM.Collect$$libshutdown$$00000003  libshutdown2.o(c_p.l)
    0x00000156   0x00000000   Code   RO         1941    .ARM.Collect$$libshutdown$$00000006  libshutdown2.o(c_p.l)
    0x00000156   0x00000000   Code   RO         1944    .ARM.Collect$$libshutdown$$00000009  libshutdown2.o(c_p.l)
    0x00000156   0x00000000   Code   RO         1946    .ARM.Collect$$libshutdown$$0000000B  libshutdown2.o(c_p.l)
    0x00000156   0x00000000   Code   RO         1949    .ARM.Collect$$libshutdown$$0000000E  libshutdown2.o(c_p.l)
    0x00000156   0x00000002   Code   RO         1950    .ARM.Collect$$libshutdown$$0000000F  libshutdown2.o(c_p.l)
    0x00000158   0x00000000   Code   RO         1777    .ARM.Collect$$rtentry$$00000000  rtentry.o(c_p.l)
    0x00000158   0x00000000   Code   RO         1793    .ARM.Collect$$rtentry$$00000002  rtentry2.o(c_p.l)
    0x00000158   0x00000006   Code   RO         1808    .ARM.Collect$$rtentry$$00000004  rtentry4.o(c_p.l)
    0x0000015e   0x00000000   Code   RO         1795    .ARM.Collect$$rtentry$$00000009  rtentry2.o(c_p.l)
    0x0000015e   0x00000004   Code   RO         1796    .ARM.Collect$$rtentry$$0000000A  rtentry2.o(c_p.l)
    0x00000162   0x00000000   Code   RO         1798    .ARM.Collect$$rtentry$$0000000C  rtentry2.o(c_p.l)
    0x00000162   0x00000008   Code   RO         1799    .ARM.Collect$$rtentry$$0000000D  rtentry2.o(c_p.l)
    0x0000016a   0x00000000   Code   RO         1834    .ARM.Collect$$rtexit$$00000000  rtexit.o(c_p.l)
    0x0000016a   0x00000000   Code   RO         1888    .ARM.Collect$$rtexit$$00000002  rtexit2.o(c_p.l)
    0x0000016a   0x00000004   Code   RO         1889    .ARM.Collect$$rtexit$$00000003  rtexit2.o(c_p.l)
    0x0000016e   0x00000004   Code   RO         1890    .ARM.Collect$$rtexit$$00000004  rtexit2.o(c_p.l)
    0x00000172   0x00000002   PAD
    0x00000174   0x0000002c   Code   RO          211  * .text               startup_nuc100.o
    0x000001a0   0x000001cc   Code   RO         1735    .text               os_cpu_a.o
    0x0000036c   0x00000024   Code   RO         1740    .text               noretval__2printf.o(c_p.l)
    0x00000390   0x0000006c   Code   RO         1746    .text               _printf_dec.o(c_p.l)
    0x000003fc   0x00000118   Code   RO         1756    .text               __printf_wp.o(c_p.l)
    0x00000514   0x0000015a   Code   RO         1769    .text               aeabi_sdiv.o(c_p.l)
    0x0000066e   0x00000006   Code   RO         1773    .text               heapauxi.o(c_p.l)
    0x00000674   0x000000ac   Code   RO         1783    .text               _printf_intcommon.o(c_p.l)
    0x00000720   0x00000030   Code   RO         1785    .text               _printf_char_common.o(c_p.l)
    0x00000750   0x00000028   Code   RO         1790    .text               rtudiv10.o(c_p.l)
    0x00000778   0x0000003e   Code   RO         1814    .text               sys_stackheap_outer.o(c_p.l)
    0x000007b6   0x0000000c   Code   RO         1817    .text               exit.o(c_p.l)
    0x000007c2   0x00000002   PAD
    0x000007c4   0x00000008   Code   RO         1830    .text               libspace.o(c_p.l)
    0x000007cc   0x00000014   Code   RO         1885    .text               sys_exit.o(c_p.l)
    0x000007e0   0x00000002   Code   RO         1901    .text               use_no_semi.o(c_p.l)
    0x000007e2   0x00000002   Code   RO            1    i.App_TCBInitHook   app.o
    0x000007e4   0x00000002   Code   RO            2    i.App_TaskCreateHook  app.o
    0x000007e6   0x00000002   Code   RO            4    i.App_TaskIdleHook  app.o
    0x000007e8   0x00000002   Code   RO            5    i.App_TaskStatHook  app.o
    0x000007ea   0x00000002   Code   RO            6    i.App_TaskSwHook    app.o
    0x000007ec   0x00000002   Code   RO            7    i.App_TimeTickHook  app.o
    0x000007ee   0x00000002   PAD
    0x000007f0   0x0000001c   Code   RO          639    i.BOD_IRQHandler    drvsys.o
    0x0000080c   0x00000030   Code   RO            8    i.BSP_INIT_UART0    app.o
    0x0000083c   0x00000088   Code   RO          216    i.BaudRateCalculator  drvuart.o
    0x000008c4   0x0000000c   Code   RO            9    i.Delay             app.o
    0x000008d0   0x0000023c   Code   RO          443    i.DrvGPIO_InitFunction  drvgpio.o
    0x00000b0c   0x00000014   Code   RO          641    i.DrvSYS_EnableBOD  drvsys.o
    0x00000b20   0x0000000c   Code   RO          649    i.DrvSYS_GetEXTClock  drvsys.o
    0x00000b2c   0x0000005c   Code   RO          651    i.DrvSYS_GetPLLClock  drvsys.o
    0x00000b88   0x000001a8   Code   RO          225    i.DrvUART_Open      drvuart.o
    0x00000d30   0x0000001c   Code   RO          452    i.EINT0_IRQHandler  drvgpio.o
    0x00000d4c   0x0000001c   Code   RO          453    i.EINT1_IRQHandler  drvgpio.o
    0x00000d68   0x00000024   Code   RO          454    i.GPAB_IRQHandler   drvgpio.o
    0x00000d8c   0x00000030   Code   RO          455    i.GPCDE_IRQHandler  drvgpio.o
    0x00000dbc   0x00000048   Code   RO          235    i.GetUartCLk        drvuart.o
    0x00000e04   0x00000060   Code   RO          932    i.OSEventNameSet    ucos_ii.o
    0x00000e64   0x00000120   Code   RO          943    i.OSInit            ucos_ii.o
    0x00000f84   0x00000024   Code   RO         1652    i.OSInitHookBegin   os_cpu_c.o
    0x00000fa8   0x00000002   Code   RO         1653    i.OSInitHookEnd     os_cpu_c.o
    0x00000faa   0x00000002   PAD
    0x00000fac   0x0000005c   Code   RO          945    i.OSIntExit         ucos_ii.o
    0x00001008   0x00000074   Code   RO          961    i.OSMutexCreate     ucos_ii.o
    0x0000107c   0x000001a8   Code   RO          963    i.OSMutexPend       ucos_ii.o
    0x00001224   0x000000ac   Code   RO          964    i.OSMutexPost       ucos_ii.o
    0x000012d0   0x00000060   Code   RO          966    i.OSMutex_RdyAtPrio  ucos_ii.o
    0x00001330   0x00000044   Code   RO          980    i.OSSemCreate       ucos_ii.o
    0x00001374   0x000000b0   Code   RO          982    i.OSSemPend         ucos_ii.o
    0x00001424   0x00000058   Code   RO          984    i.OSSemPost         ucos_ii.o
    0x0000147c   0x0000002c   Code   RO          987    i.OSStart           ucos_ii.o
    0x000014a8   0x00000008   Code   RO         1654    i.OSTCBInitHook     os_cpu_c.o
    0x000014b0   0x0000007c   Code   RO          990    i.OSTaskCreate      ucos_ii.o
    0x0000152c   0x0000008c   Code   RO          991    i.OSTaskCreateExt   ucos_ii.o
    0x000015b8   0x00000008   Code   RO         1655    i.OSTaskCreateHook  os_cpu_c.o
    0x000015c0   0x00000008   Code   RO         1657    i.OSTaskIdleHook    os_cpu_c.o
    0x000015c8   0x00000070   Code   RO          995    i.OSTaskNameSet     ucos_ii.o
    0x00001638   0x00000008   Code   RO         1658    i.OSTaskStatHook    os_cpu_c.o
    0x00001640   0x0000006c   Code   RO          998    i.OSTaskStkChk      ucos_ii.o
    0x000016ac   0x00000088   Code   RO         1659    i.OSTaskStkInit     os_cpu_c.o
    0x00001734   0x00000080   Code   RO          999    i.OSTaskSuspend     ucos_ii.o
    0x000017b4   0x00000008   Code   RO         1660    i.OSTaskSwHook      os_cpu_c.o
    0x000017bc   0x0000004c   Code   RO         1000    i.OSTimeDly         ucos_ii.o
    0x00001808   0x00000094   Code   RO         1005    i.OSTimeTick        ucos_ii.o
    0x0000189c   0x00000024   Code   RO         1661    i.OSTimeTickHook    os_cpu_c.o
    0x000018c0   0x00000010   Code   RO         1010    i.OSTmrSignal       ucos_ii.o
    0x000018d0   0x000000ec   Code   RO         1015    i.OSTmr_Init        ucos_ii.o
    0x000019bc   0x00000048   Code   RO         1016    i.OSTmr_Link        ucos_ii.o
    0x00001a04   0x00000014   Code   RO         1017    i.OSTmr_Lock        ucos_ii.o
    0x00001a18   0x0000006c   Code   RO         1018    i.OSTmr_Task        ucos_ii.o
    0x00001a84   0x00000040   Code   RO         1019    i.OSTmr_Unlink      ucos_ii.o
    0x00001ac4   0x00000010   Code   RO         1020    i.OSTmr_Unlock      ucos_ii.o
    0x00001ad4   0x00000002   Code   RO          149    i.OS_CPU_ExceptHndlr  bsp.o
    0x00001ad6   0x00000002   PAD
    0x00001ad8   0x00000070   Code   RO         1023    i.OS_EventTaskRdy   ucos_ii.o
    0x00001b48   0x00000020   Code   RO         1024    i.OS_EventTaskRemove  ucos_ii.o
    0x00001b68   0x0000002c   Code   RO         1025    i.OS_EventTaskRemoveMulti  ucos_ii.o
    0x00001b94   0x00000048   Code   RO         1026    i.OS_EventTaskWait  ucos_ii.o
    0x00001bdc   0x00000016   Code   RO         1028    i.OS_EventWaitListInit  ucos_ii.o
    0x00001bf2   0x00000002   PAD
    0x00001bf4   0x00000044   Code   RO         1030    i.OS_FlagInit       ucos_ii.o
    0x00001c38   0x00000058   Code   RO         1033    i.OS_InitTCBList    ucos_ii.o
    0x00001c90   0x00000012   Code   RO         1034    i.OS_MemClr         ucos_ii.o
    0x00001ca2   0x00000002   PAD
    0x00001ca4   0x00000040   Code   RO         1036    i.OS_MemInit        ucos_ii.o
    0x00001ce4   0x00000034   Code   RO         1037    i.OS_QInit          ucos_ii.o
    0x00001d18   0x0000004c   Code   RO         1038    i.OS_Sched          ucos_ii.o
    0x00001d64   0x00000024   Code   RO         1039    i.OS_SchedNew       ucos_ii.o
    0x00001d88   0x0000001c   Code   RO         1040    i.OS_StrCopy        ucos_ii.o
    0x00001da4   0x00000014   Code   RO         1041    i.OS_StrLen         ucos_ii.o
    0x00001db8   0x000000d4   Code   RO         1042    i.OS_TCBInit        ucos_ii.o
    0x00001e8c   0x0000001c   Code   RO         1043    i.OS_TaskIdle       ucos_ii.o
    0x00001ea8   0x0000005c   Code   RO         1044    i.OS_TaskStat       ucos_ii.o
    0x00001f04   0x0000003c   Code   RO         1045    i.OS_TaskStatStkChk  ucos_ii.o
    0x00001f40   0x00000016   Code   RO         1046    i.OS_TaskStkClr     ucos_ii.o
    0x00001f56   0x00000002   PAD
    0x00001f58   0x00000020   Code   RO          676    i.PWRWU_IRQHandler  drvsys.o
    0x00001f78   0x00000020   Code   RO          374    i.SendChar          retarget.o
    0x00001f98   0x0000003c   Code   RO           10    i.SysTick_Config    app.o
    0x00001fd4   0x00000020   Code   RO           11    i.SysTick_Handler   app.o
    0x00001ff4   0x000000a8   Code   RO           12    i.Task1             app.o
    0x0000209c   0x00000028   Code   RO           13    i.Task2             app.o
    0x000020c4   0x00000018   Code   RO          238    i.UART0_IRQHandler  drvuart.o
    0x000020dc   0x00000018   Code   RO          239    i.UART1_IRQHandler  drvuart.o
    0x000020f4   0x0000001a   Code   RO          631    i.__ARM_common_switch8  drvgpio.o
    0x0000210e   0x0000000a   Code   RO          378    i.fputc             retarget.o
    0x00002118   0x000000a0   Code   RO           14    i.main              app.o
    0x000021b8   0x00000010   Data   RO          677    .constdata          drvsys.o
    0x000021c8   0x00000100   Data   RO         1048    .constdata          ucos_ii.o
    0x000022c8   0x00000020   Data   RO         1951    Region$$Table       anon$$obj.o


    Execution Region ER_RW (Base: 0x20000000, Size: 0x000000a0, Max: 0xffffffff, ABSOLUTE)

    Base Addr    Size         Type   Attr      Idx    E Section Name        Object

    0x20000000   0x00000010   Data   RW           16    .data               app.o
    0x20000010   0x00000008   Data   RW          240    .data               drvuart.o
    0x20000018   0x00000004   Data   RW          379    .data               retarget.o
    0x2000001c   0x00000010   Data   RW          459    .data               drvgpio.o
    0x2000002c   0x0000000c   Data   RW          678    .data               drvsys.o
    0x20000038   0x00000004   Data   RW          914    .data               system_nuc100.o
    0x2000003c   0x0000005c   Data   RW         1049    .data               ucos_ii.o
    0x20000098   0x00000008   Data   RW         1664    .data               os_cpu_c.o


    Execution Region ER_ZI (Base: 0x200000a0, Size: 0x000023d0, Max: 0xffffffff, ABSOLUTE)

    Base Addr    Size         Type   Attr      Idx    E Section Name        Object

    0x200000a0   0x00000400   Zero   RW           15    .bss                app.o
    0x200004a0   0x00001570   Zero   RW         1047    .bss                ucos_ii.o
    0x20001a10   0x00000200   Zero   RW         1663    .bss                os_cpu_c.o
    0x20001c10   0x00000060   Zero   RW         1831    .bss                libspace.o(c_p.l)
    0x20001c70   0x00000000   Zero   RW          209    HEAP                startup_nuc100.o
    0x20001c70   0x00000800   Zero   RW          208    STACK               startup_nuc100.o


==============================================================================

Image component sizes


      Code (inc. data)   RO Data    RW Data    ZI Data      Debug   Object Name

       532        146          0         16       1024      58647   app.o
         2          0          0          0          0        509   bsp.o
       738         76          0         16          0       4502   drvgpio.o
       184         38         16         12          0       6249   drvsys.o
       680         48          0          8          0       6981   drvuart.o
       460         44          0          0          0        540   os_cpu_a.o
       250         56          0          8        512      16695   os_cpu_c.o
        42          6          0          4          0       3109   retarget.o
        44         18        192          0       2048        448   startup_nuc100.o
         0          0          0          4          0        278   system_nuc100.o
      4174        398        256         92       5488      44419   ucos_ii.o

    ----------------------------------------------------------------------
      7118        830        496        160       9072     142377   Object Totals
         0          0         32          0          0          0   (incl. Generated)
        12          0          0          0          0          1   (incl. Padding)

    ----------------------------------------------------------------------

      Code (inc. data)   RO Data    RW Data    ZI Data      Debug   Library Member Name

         8          0          0          0          0         68   __main.o
       280          0          0          0          0         76   __printf_wp.o
        60          8          0          0          0          0   __scatter.o
        26          0          0          0          0          0   __scatter_copy.o
        28          0          0          0          0          0   __scatter_zi.o
        48          4          0          0          0         88   _printf_char_common.o
        10          0          0          0          0          0   _printf_d.o
       108         18          0          0          0         72   _printf_dec.o
       172          0          0          0          0         80   _printf_intcommon.o
         2          0          0          0          0          0   _printf_percent.o
         4          0          0          0          0          0   _printf_percent_end.o
       346          0          0          0          0         92   aeabi_sdiv.o
        12          0          0          0          0         60   exit.o
         6          0          0          0          0        132   heapauxi.o
         6          0          0          0          0          0   libinit.o
         2          0          0          0          0          0   libinit2.o
         2          0          0          0          0          0   libshutdown.o
         2          0          0          0          0          0   libshutdown2.o
         8          4          0          0         96         68   libspace.o
        36         10          0          0          0         84   noretval__2printf.o
         0          0          0          0          0          0   rtentry.o
        12          0          0          0          0          0   rtentry2.o
         6          0          0          0          0          0   rtentry4.o
         0          0          0          0          0          0   rtexit.o
         8          0          0          0          0          0   rtexit2.o
        40          0          0          0          0         60   rtudiv10.o
        20         12          0          0          0         68   sys_exit.o
        62          0          0          0          0         80   sys_stackheap_outer.o
         2          0          0          0          0         68   use_no_semi.o

    ----------------------------------------------------------------------
      1322         56          0          0         96       1096   Library Totals
         6          0          0          0          0          0   (incl. Padding)

    ----------------------------------------------------------------------

      Code (inc. data)   RO Data    RW Data    ZI Data      Debug   Library Name

      1316         56          0          0         96       1096   c_p.l

    ----------------------------------------------------------------------
      1322         56          0          0         96       1096   Library Totals

    ----------------------------------------------------------------------

==============================================================================


      Code (inc. data)   RO Data    RW Data    ZI Data      Debug   

      8440        886        496        160       9168     139520   Grand Totals
      8440        886        496        160       9168     139520   ELF Image Totals
      8440        886        496        160          0          0   ROM Totals

==============================================================================

    Total RO  Size (Code + RO Data)                 8936 (   8.73kB)
    Total RW  Size (RW Data + ZI Data)              9328 (   9.11kB)
    Total ROM Size (Code + RO Data + RW Data)       9096 (   8.88kB)

==============================================================================

